<html>
<body>
<pre>
<h1>µVision Build Log</h1>
<h2>Tool Versions:</h2>
IDE-Version: £gVision V5.13.0.0
Copyright (C) 2014 ARM Ltd and ARM Germany GmbH. All rights reserved.
License Information: 1111 111, 1111, LIC=----
 
Tool Versions:
Toolchain:       MDK-Lite  Version: 5.26.2.0
Toolchain Path:  C:\Keil_v5\ARM\ARMCC\Bin
C Compiler:      Armcc.exe V5.06 update 6 (build 750)
Assembler:       Armasm.exe V5.06 update 6 (build 750)
Linker/Locator:  ArmLink.exe V5.06 update 6 (build 750)
Library Manager: ArmAr.exe V5.06 update 6 (build 750)
Hex Converter:   FromElf.exe V5.06 update 6 (build 750)
CPU DLL:         SARMCM3.DLL V5.26.2.0
Dialog DLL:      DARMCM1.DLL V1.19.1.0
Target DLL:      CMSIS_AGDI.dll V1.30.6.0
Dialog DLL:      TARMCM1.DLL V1.14.0.0
 
<h2>Project:</h2>
C:\Users\88691\Desktop\¹êÅç«Ç\Animal behavior1006UARTgood\Animal behavior\example\USART\Interrupt\MDK_ARMv5\Project_52352.uvprojx
Project File Date:  10/20/2020

<h2>Output:</h2>
Build target 'HT32'
compiling main.c...
..\main.c(171): warning:  #128-D: loop is not reachable
        while(1){};
..\main.c(115): warning:  #177-D: variable "local_time_len"  was declared but never referenced
        uint8_t local_time_len;
..\main.c(116): warning:  #177-D: variable "buffer"  was declared but never referenced
        char buffer[40]={0};
..\main.c(117): warning:  #177-D: variable "local_time"  was declared but never referenced
        char *local_time;
..\main.c(361): warning:  #177-D: variable "status_ACK"  was declared but never referenced
        int status_ACK;
..\main.c(389): warning:  #177-D: variable "cc_buf"  was declared but never referenced
        char *cc_buf;
..\main.c(407): warning:  #177-D: variable "i"  was declared but never referenced
        int i,j;
..\main.c(407): warning:  #177-D: variable "j"  was declared but never referenced
        int i,j;
..\main.c(465): warning:  #177-D: variable "i"  was declared but never referenced
        int i,j;
..\main.c(465): warning:  #177-D: variable "j"  was declared but never referenced
        int i,j;
..\main.c: 10 warnings, 0 errors
linking...
Program Size: Code=10500 RO-data=100 RW-data=116 ZI-data=5732  
FromELF: creating hex file...
After Build - User command #1: fromelf --bin -o ".\HT32\52352\Obj\HT32.axf.bin" ".\HT32\52352\Obj\HT32.axf"
".\HT32\52352\Obj\HT32.axf" - 0 Error(s), 10 Warning(s).

<h2>Collection of Component include folders:</h2>
  C:\Users\88691\Desktop\¹êÅç«Ç\Animal behavior1006UARTgood\Animal behavior\example\USART\Interrupt\MDK_ARMv5\RTE
  C:\Keil_v5\ARM\PACK\Holtek\HT32_DFP\1.0.25

<h2>Collection of Component Files used:</h2>
</pre>
</body>
</html>
