Component: ARM Compiler 5.06 update 6 (build 750) Tool: armlink [4d35ed]

==============================================================================

Section Cross References

    main.o(i.ACSII_format_PC) refers to memseta.o(.text) for __aeabi_memclr4
    main.o(i.ACSII_format_PC) refers to printf8.o(i.__0sprintf$8) for __2sprintf
    main.o(i.ACSII_format_PC) refers to strcat.o(.text) for strcat
    main.o(i.ACSII_format_PC) refers to delay.o(i.Delayms) for Delayms
    main.o(i.ACSII_format_PC) refers to printf8.o(i.__0snprintf$8) for __2snprintf
    main.o(i.ACSII_format_PC) refers to strlen.o(.text) for strlen
    main.o(i.ACSII_format_PC) refers to main.o(.data) for .data
    main.o(i.ACSII_format_PC) refers to main.o(.bss) for .bss
    main.o(i.ACSII_format_UART) refers to memseta.o(.text) for __aeabi_memclr4
    main.o(i.ACSII_format_UART) refers to printf8.o(i.__0sprintf$8) for __2sprintf
    main.o(i.ACSII_format_UART) refers to strcat.o(.text) for strcat
    main.o(i.ACSII_format_UART) refers to delay.o(i.Delayms) for Delayms
    main.o(i.ACSII_format_UART) refers to idiv.o(.text) for __aeabi_idivmod
    main.o(i.ACSII_format_UART) refers to printf8.o(i.__0snprintf$8) for __2snprintf
    main.o(i.ACSII_format_UART) refers to strlen.o(.text) for strlen
    main.o(i.ACSII_format_UART) refers to main.o(.data) for .data
    main.o(i.ACSII_format_UART) refers to main.o(.bss) for .bss
    main.o(i.ACSII_format_UART) refers to main.o(.conststring) for .conststring
    main.o(i.AT_MQTT) refers to printf8.o(i.__0printf$8) for __2printf
    main.o(i.AT_MQTT) refers to memseta.o(.text) for __aeabi_memclr
    main.o(i.AT_MQTT) refers to main.o(i.NBiot_check) for NBiot_check
    main.o(i.AT_MQTT) refers to main.o(.data) for .data
    main.o(i.AT_MQTT) refers to main.o(.bss) for .bss
    main.o(i.AT_Time) refers to printf8.o(i.__0printf$8) for __2printf
    main.o(i.AT_Time) refers to delay.o(i.Delayms) for Delayms
    main.o(i.AT_Time) refers to main.o(i.NBiot_check) for NBiot_check
    main.o(i.AT_Time) refers to main.o(i.NBiot_TIMER) for NBiot_TIMER
    main.o(i.AT_commandinit) refers to printf8.o(i.__0printf$8) for __2printf
    main.o(i.AT_commandinit) refers to delay.o(i.Delayms) for Delayms
    main.o(i.NBiot_TIMER) refers to delay.o(i.Delayms) for Delayms
    main.o(i.NBiot_TIMER) refers to memseta.o(.text) for __aeabi_memclr
    main.o(i.NBiot_TIMER) refers to main.o(.bss) for .bss
    main.o(i.NBiot_TIMER) refers to main.o(.data) for .data
    main.o(i.NBiot_check) refers to delay.o(i.Delayms) for Delayms
    main.o(i.NBiot_check) refers to memseta.o(.text) for __aeabi_memclr
    main.o(i.NBiot_check) refers to main.o(.data) for .data
    main.o(i.USB_HOST_SET_1) refers to ht32f5xxxx_gpio.o(i.GPIO_DirectionConfig) for GPIO_DirectionConfig
    main.o(i.USB_HOST_SET_1) refers to sl811hs.o(i.host_init) for host_init
    main.o(i.USB_HOST_SET_1) refers to descr.o(i.Get_ctl_length) for Get_ctl_length
    main.o(i.USB_HOST_SET_1) refers to sl811hs.o(i.rd_host) for rd_host
    main.o(i.USB_HOST_SET_1) refers to delay.o(i.Delay) for Delay
    main.o(i.USB_HOST_SET_1) refers to sl811hs.o(i.Set_Address) for Set_Address
    main.o(i.USB_HOST_SET_1) refers to descr.o(i.DEVICE_Descriptor) for DEVICE_Descriptor
    main.o(i.USB_HOST_SET_1) refers to descr.o(i.Config_Descriptor) for Config_Descriptor
    main.o(i.USB_HOST_SET_1) refers to sl811hs.o(i.get_HID_IN_endpoint) for get_HID_IN_endpoint
    main.o(i.USB_HOST_SET_1) refers to descr.o(i.Set_Config) for Set_Config
    main.o(i.USB_HOST_SET_1) refers to sl811hs.o(.data) for ctl_length
    main.o(i.USB_HOST_SET_1) refers to main.o(.data) for .data
    main.o(i.USB_HOST_SET_2) refers to ht32f5xxxx_gpio.o(i.GPIO_DirectionConfig) for GPIO_DirectionConfig
    main.o(i.USB_HOST_SET_2) refers to sl811hs_1.o(i.host_init_1) for host_init_1
    main.o(i.USB_HOST_SET_2) refers to descr_1.o(i.Get_ctl_length_1) for Get_ctl_length_1
    main.o(i.USB_HOST_SET_2) refers to sl811hs_1.o(i.rd_host_1) for rd_host_1
    main.o(i.USB_HOST_SET_2) refers to delay.o(i.Delay) for Delay
    main.o(i.USB_HOST_SET_2) refers to sl811hs_1.o(i.Set_Address_1) for Set_Address_1
    main.o(i.USB_HOST_SET_2) refers to descr_1.o(i.DEVICE_Descriptor_1) for DEVICE_Descriptor_1
    main.o(i.USB_HOST_SET_2) refers to descr_1.o(i.Config_Descriptor_1) for Config_Descriptor_1
    main.o(i.USB_HOST_SET_2) refers to sl811hs_1.o(i.get_HID_IN_endpoint_1) for get_HID_IN_endpoint_1
    main.o(i.USB_HOST_SET_2) refers to descr_1.o(i.Set_Config_1) for Set_Config_1
    main.o(i.USB_HOST_SET_2) refers to sl811hs_1.o(.data) for ctl_length_1
    main.o(i.USB_HOST_SET_2) refers to main.o(.data) for .data
    main.o(i.UxART_Configuration) refers to ht32f5xxxx_ckcu.o(i.CKCU_PeripClockConfig) for CKCU_PeripClockConfig
    main.o(i.UxART_Configuration) refers to ht32f5xxxx_pwrcu.o(i.PWRCU_CheckReadyAccessed) for PWRCU_CheckReadyAccessed
[...]
    Removing ht32f5xxxx_i2c.o(i.I2C_SetSCLHighPeriod), (4 bytes).
    Removing ht32f5xxxx_i2c.o(i.I2C_SetSCLLowPeriod), (4 bytes).
    Removing ht32f5xxxx_i2c.o(i.I2C_SetTimeOutPrescaler), (10 bytes).
    Removing ht32f5xxxx_i2c.o(i.I2C_SetTimeOutValue), (12 bytes).
    Removing ht32f5xxxx_i2c.o(i.I2C_StructInit), (24 bytes).
    Removing ht32f5xxxx_i2c.o(i.I2C_TargetAddressConfig), (20 bytes).
    Removing ht32f5xxxx_i2c.o(i.I2C_TimeOutCmd), (20 bytes).
    Removing ht32f5xxxx_i2s.o(.rev16_text), (4 bytes).
    Removing ht32f5xxxx_i2s.o(.revsh_text), (4 bytes).
    Removing ht32f5xxxx_i2s.o(i.I2S_ClearFlag), (12 bytes).
    Removing ht32f5xxxx_i2s.o(i.I2S_Cmd), (28 bytes).
    Removing ht32f5xxxx_i2s.o(i.I2S_DeInit), (18 bytes).
    Removing ht32f5xxxx_i2s.o(i.I2S_FIFOReset), (16 bytes).
    Removing ht32f5xxxx_i2s.o(i.I2S_FIFOTrigLevelConfig), (40 bytes).
    Removing ht32f5xxxx_i2s.o(i.I2S_GetFIFOStatus), (20 bytes).
    Removing ht32f5xxxx_i2s.o(i.I2S_GetFlagStatus), (20 bytes).
    Removing ht32f5xxxx_i2s.o(i.I2S_Init), (116 bytes).
    Removing ht32f5xxxx_i2s.o(i.I2S_IntConfig), (24 bytes).
    Removing ht32f5xxxx_i2s.o(i.I2S_PDMACmd), (24 bytes).
    Removing ht32f5xxxx_i2s.o(i.I2S_TxMuteCmd), (24 bytes).
    Removing ht32f5xxxx_mctm.o(.rev16_text), (4 bytes).
    Removing ht32f5xxxx_mctm.o(.revsh_text), (4 bytes).
    Removing ht32f5xxxx_mctm.o(i.MCTM_CHBRKCTRConfig), (40 bytes).
    Removing ht32f5xxxx_mctm.o(i.MCTM_CHBRKCTRStructInit), (20 bytes).
    Removing ht32f5xxxx_mctm.o(i.MCTM_CHMOECmd), (18 bytes).
    Removing ht32f5xxxx_mctm.o(i.MCTM_COMPRECmd), (20 bytes).
    Removing ht32f5xxxx_mctm.o(i.MCTM_COMUSConfig), (20 bytes).
    Removing ht32f5xxxx_mctm.o(i.MCTM_ChNPolarityConfig), (22 bytes).
    Removing ht32f5xxxx_mctm.o(i.MCTM_ChannelNConfig), (26 bytes).
    Removing ht32f5xxxx_pdma.o(.rev16_text), (4 bytes).
    Removing ht32f5xxxx_pdma.o(.revsh_text), (4 bytes).
    Removing ht32f5xxxx_pdma.o(i.PDMA_ClearFlag), (24 bytes).
    Removing ht32f5xxxx_pdma.o(i.PDMA_Config), (44 bytes).
    Removing ht32f5xxxx_pdma.o(i.PDMA_EnaCmd), (32 bytes).
    Removing ht32f5xxxx_pdma.o(i.PDMA_GetFlagStatus), (28 bytes).
    Removing ht32f5xxxx_pdma.o(i.PDMA_IntConfig), (56 bytes).
    Removing ht32f5xxxx_pdma.o(i.PDMA_SwTrigCmd), (32 bytes).
    Removing ht32f5xxxx_pdma.o(i.PDMA_TranSizeConfig), (20 bytes).
    Removing ht32f5xxxx_pwrcu.o(.rev16_text), (4 bytes).
    Removing ht32f5xxxx_pwrcu.o(.revsh_text), (4 bytes).
    Removing ht32f5xxxx_pwrcu.o(i.PWRCU_BODCmd), (28 bytes).
    Removing ht32f5xxxx_pwrcu.o(i.PWRCU_BODRISConfig), (24 bytes).
    Removing ht32f5xxxx_pwrcu.o(i.PWRCU_DMOSCmd), (40 bytes).
    Removing ht32f5xxxx_pwrcu.o(i.PWRCU_DeInit), (28 bytes).
    Removing ht32f5xxxx_pwrcu.o(i.PWRCU_DeepSleep1), (92 bytes).
    Removing ht32f5xxxx_pwrcu.o(i.PWRCU_DeepSleep2), (104 bytes).
    Removing ht32f5xxxx_pwrcu.o(i.PWRCU_DeepSleep2Ex), (192 bytes).
    Removing ht32f5xxxx_pwrcu.o(i.PWRCU_GetBODFlagStatus), (16 bytes).
    Removing ht32f5xxxx_pwrcu.o(i.PWRCU_GetDMOSStatus), (36 bytes).
    Removing ht32f5xxxx_pwrcu.o(i.PWRCU_GetFlagStatus), (12 bytes).
    Removing ht32f5xxxx_pwrcu.o(i.PWRCU_GetLVDFlagStatus), (16 bytes).
    Removing ht32f5xxxx_pwrcu.o(i.PWRCU_HSIReadyCounterBitLengthConfig), (12 bytes).
    Removing ht32f5xxxx_pwrcu.o(i.PWRCU_LDOConfig), (56 bytes).
    Removing ht32f5xxxx_pwrcu.o(i.PWRCU_LVDCmd), (28 bytes).
    Removing ht32f5xxxx_pwrcu.o(i.PWRCU_LVDEventWakeupConfig), (28 bytes).
    Removing ht32f5xxxx_pwrcu.o(i.PWRCU_LVDIntWakeupConfig), (28 bytes).
    Removing ht32f5xxxx_pwrcu.o(i.PWRCU_PowerDown), (148 bytes).
    Removing ht32f5xxxx_pwrcu.o(i.PWRCU_ReadBackupRegister), (16 bytes).
    Removing ht32f5xxxx_pwrcu.o(i.PWRCU_SetLVDS), (20 bytes).
    Removing ht32f5xxxx_pwrcu.o(i.PWRCU_Sleep), (32 bytes).
    Removing ht32f5xxxx_pwrcu.o(i.PWRCU_V15RDYSourceConfig), (28 bytes).
    Removing ht32f5xxxx_pwrcu.o(i.PWRCU_WakeupPinCmd), (24 bytes).
    Removing ht32f5xxxx_pwrcu.o(i.PWRCU_WakeupPinIntConfig), (24 bytes).
    Removing ht32f5xxxx_pwrcu.o(i.PWRCU_WriteBackupRegister), (16 bytes).
    Removing ht32f5xxxx_pwrcu.o(.data), (1 bytes).
    Removing ht32f5xxxx_rstcu.o(.rev16_text), (4 bytes).
    Removing ht32f5xxxx_rstcu.o(.revsh_text), (4 bytes).
    Removing ht32f5xxxx_rstcu.o(i.RSTCU_ClearAllResetFlag), (12 bytes).
    Removing ht32f5xxxx_rstcu.o(i.RSTCU_ClearResetFlag), (16 bytes).
    Removing ht32f5xxxx_rstcu.o(i.RSTCU_GetResetFlagStatus), (24 bytes).
    Removing ht32f5xxxx_rstcu.o(i.RSTCU_PeripReset), (40 bytes).
    Removing ht32f5xxxx_rtc.o(.rev16_text), (4 bytes).
    Removing ht32f5xxxx_rtc.o(.revsh_text), (4 bytes).
    Removing ht32f5xxxx_rtc.o(i.RTC_CMPCLRCmd), (24 bytes).
    Removing ht32f5xxxx_rtc.o(i.RTC_ClockSourceConfig), (20 bytes).
    Removing ht32f5xxxx_rtc.o(i.RTC_Cmd), (28 bytes).
    Removing ht32f5xxxx_rtc.o(i.RTC_DeInit), (44 bytes).
    Removing ht32f5xxxx_rtc.o(i.RTC_GetCompare), (12 bytes).
    Removing ht32f5xxxx_rtc.o(i.RTC_GetCounter), (12 bytes).
    Removing ht32f5xxxx_rtc.o(i.RTC_GetFlagStatus), (12 bytes).
    Removing ht32f5xxxx_rtc.o(i.RTC_GetOutStatus), (20 bytes).
    Removing ht32f5xxxx_rtc.o(i.RTC_GetPrescaler), (20 bytes).
    Removing ht32f5xxxx_rtc.o(i.RTC_IntConfig), (24 bytes).
    Removing ht32f5xxxx_rtc.o(i.RTC_LSECmd), (44 bytes).
    Removing ht32f5xxxx_rtc.o(i.RTC_LSESMConfig), (20 bytes).
    Removing ht32f5xxxx_rtc.o(i.RTC_LSILoadTrimData), (68 bytes).
    Removing ht32f5xxxx_rtc.o(i.RTC_OutCmd), (28 bytes).
    Removing ht32f5xxxx_rtc.o(i.RTC_OutConfig), (56 bytes).
    Removing ht32f5xxxx_rtc.o(i.RTC_SetCompare), (12 bytes).
    Removing ht32f5xxxx_rtc.o(i.RTC_SetPrescaler), (24 bytes).
    Removing ht32f5xxxx_rtc.o(i.RTC_WakeupConfig), (24 bytes).
    Removing ht32f5xxxx_sci.o(.rev16_text), (4 bytes).
    Removing ht32f5xxxx_sci.o(.revsh_text), (4 bytes).
    Removing ht32f5xxxx_sci.o(i.SCI_ClearFlag), (28 bytes).
    Removing ht32f5xxxx_sci.o(i.SCI_ClockModeConfig), (18 bytes).
    Removing ht32f5xxxx_sci.o(i.SCI_Cmd), (18 bytes).
    Removing ht32f5xxxx_sci.o(i.SCI_DeInit), (36 bytes).
    Removing ht32f5xxxx_sci.o(i.SCI_ETUConfig), (6 bytes).
    Removing ht32f5xxxx_sci.o(i.SCI_GetFlagStatus), (14 bytes).
    Removing ht32f5xxxx_sci.o(i.SCI_Init), (30 bytes).
    Removing ht32f5xxxx_sci.o(i.SCI_IntConfig), (16 bytes).
    Removing ht32f5xxxx_sci.o(i.SCI_OutputDIO), (18 bytes).
    Removing ht32f5xxxx_sci.o(i.SCI_PDMACmd), (16 bytes).
    Removing ht32f5xxxx_sci.o(i.SCI_ReceiveData), (6 bytes).
    Removing ht32f5xxxx_sci.o(i.SCI_SendData), (4 bytes).
    Removing ht32f5xxxx_sci.o(i.SCI_SetGuardTimeValue), (4 bytes).
    Removing ht32f5xxxx_sci.o(i.SCI_SetWaitingTimeValue), (4 bytes).
    Removing ht32f5xxxx_sci.o(i.SCI_SoftwareClockCmd), (18 bytes).
    Removing ht32f5xxxx_sci.o(i.SCI_StructInit), (14 bytes).
    Removing ht32f5xxxx_sci.o(i.SCI_WaitingTimeCounterCmd), (18 bytes).
    Removing ht32f5xxxx_spi.o(.rev16_text), (4 bytes).
    Removing ht32f5xxxx_spi.o(.revsh_text), (4 bytes).
    Removing ht32f5xxxx_spi.o(i.SPI_ClearFlag), (4 bytes).
    Removing ht32f5xxxx_spi.o(i.SPI_Cmd), (20 bytes).
    Removing ht32f5xxxx_spi.o(i.SPI_DUALCmd), (18 bytes).
    Removing ht32f5xxxx_spi.o(i.SPI_DeInit), (44 bytes).
    Removing ht32f5xxxx_spi.o(i.SPI_FIFOCmd), (20 bytes).
    Removing ht32f5xxxx_spi.o(i.SPI_FIFOTriggerLevelConfig), (32 bytes).
    Removing ht32f5xxxx_spi.o(i.SPI_GUARDTCmd), (18 bytes).
    Removing ht32f5xxxx_spi.o(i.SPI_GUARDTConfig), (20 bytes).
    Removing ht32f5xxxx_spi.o(i.SPI_GetFIFOStatus), (20 bytes).
    Removing ht32f5xxxx_spi.o(i.SPI_GetFlagStatus), (14 bytes).
    Removing ht32f5xxxx_spi.o(i.SPI_Init), (72 bytes).
    Removing ht32f5xxxx_spi.o(i.SPI_IntConfig), (16 bytes).
    Removing ht32f5xxxx_spi.o(i.SPI_PDMACmd), (16 bytes).
    Removing ht32f5xxxx_spi.o(i.SPI_ReceiveData), (6 bytes).
    Removing ht32f5xxxx_spi.o(i.SPI_SELHTConfig), (14 bytes).
    Removing ht32f5xxxx_spi.o(i.SPI_SELModeConfig), (20 bytes).
    Removing ht32f5xxxx_spi.o(i.SPI_SELOutputCmd), (18 bytes).
    Removing ht32f5xxxx_spi.o(i.SPI_SendData), (4 bytes).
    Removing ht32f5xxxx_spi.o(i.SPI_SetDataLength), (16 bytes).
    Removing ht32f5xxxx_spi.o(i.SPI_SetTimeOutValue), (4 bytes).
    Removing ht32f5xxxx_spi.o(i.SPI_SoftwareSELCmd), (18 bytes).
    Removing ht32f5xxxx_spi.o(i.SPI_StructInit), (28 bytes).
    Removing ht32f5xxxx_tm.o(.rev16_text), (4 bytes).
    Removing ht32f5xxxx_tm.o(.revsh_text), (4 bytes).
    Removing ht32f5xxxx_tm.o(i.TM_CHCCDSConfig), (20 bytes).
    Removing ht32f5xxxx_tm.o(i.TM_CHCCRPreloadConfig), (24 bytes).
    Removing ht32f5xxxx_tm.o(i.TM_CHPSCConfig), (22 bytes).
    Removing ht32f5xxxx_tm.o(i.TM_CKDIVConfig), (18 bytes).
    Removing ht32f5xxxx_tm.o(i.TM_CRRPreloadCmd), (18 bytes).
    Removing ht32f5xxxx_tm.o(i.TM_CaptureInit), (32 bytes).
    Removing ht32f5xxxx_tm.o(i.TM_CaptureStructInit), (18 bytes).
    Removing ht32f5xxxx_tm.o(i.TM_ChExternalClockConfig), (50 bytes).
    Removing ht32f5xxxx_tm.o(i.TM_ChPolarityConfig), (20 bytes).
    Removing ht32f5xxxx_tm.o(i.TM_ChannelConfig), (24 bytes).
    Removing ht32f5xxxx_tm.o(i.TM_ClearFlag), (10 bytes).
    Removing ht32f5xxxx_tm.o(i.TM_ClearIntPendingBit), (10 bytes).
    Removing ht32f5xxxx_tm.o(i.TM_ClearOREFConfig), (24 bytes).
    Removing ht32f5xxxx_tm.o(i.TM_Cmd), (20 bytes).
    Removing ht32f5xxxx_tm.o(i.TM_CounterModeConfig), (28 bytes).
    Removing ht32f5xxxx_tm.o(i.TM_DeInit), (88 bytes).
    Removing ht32f5xxxx_tm.o(i.TM_DecoderConfig), (64 bytes).
    Removing ht32f5xxxx_tm.o(i.TM_EtiConfig), (24 bytes).
    Removing ht32f5xxxx_tm.o(i.TM_EtiExternalClockConfig), (20 bytes).
    Removing ht32f5xxxx_tm.o(i.TM_ForcedOREF), (18 bytes).
    Removing ht32f5xxxx_tm.o(i.TM_GenerateEvent), (4 bytes).
    Removing ht32f5xxxx_tm.o(i.TM_GetCaptureCompare), (10 bytes).
    Removing ht32f5xxxx_tm.o(i.TM_GetCounter), (6 bytes).
    Removing ht32f5xxxx_tm.o(i.TM_GetFlagStatus), (10 bytes).
    Removing ht32f5xxxx_tm.o(i.TM_GetIntStatus), (24 bytes).
    Removing ht32f5xxxx_tm.o(i.TM_GetPrescaler), (6 bytes).
    Removing ht32f5xxxx_tm.o(i.TM_HallInterfaceCmd), (22 bytes).
    Removing ht32f5xxxx_tm.o(i.TM_ImmActiveConfig), (24 bytes).
    Removing ht32f5xxxx_tm.o(i.TM_IntConfig), (16 bytes).
    Removing ht32f5xxxx_tm.o(i.TM_InternalClockConfig), (12 bytes).
    Removing ht32f5xxxx_tm.o(i.TM_ItiExternalClockConfig), (20 bytes).
    Removing ht32f5xxxx_tm.o(i.TM_MMSELConfig), (14 bytes).
    Removing ht32f5xxxx_tm.o(i.TM_OutputInit), (160 bytes).
    Removing ht32f5xxxx_tm.o(i.TM_OutputModeConfig), (32 bytes).
    Removing ht32f5xxxx_tm.o(i.TM_OutputStructInit), (24 bytes).
    Removing ht32f5xxxx_tm.o(i.TM_PDMAConfig), (16 bytes).
    Removing ht32f5xxxx_tm.o(i.TM_PrescalerConfig), (8 bytes).
    Removing ht32f5xxxx_tm.o(i.TM_PwmInputInit), (90 bytes).
    Removing ht32f5xxxx_tm.o(i.TM_SetAsymmetricCompare), (10 bytes).
    Removing ht32f5xxxx_tm.o(i.TM_SetCaptureCompare), (10 bytes).
    Removing ht32f5xxxx_tm.o(i.TM_SetCounter), (6 bytes).
    Removing ht32f5xxxx_tm.o(i.TM_SetCounterReload), (6 bytes).
    Removing ht32f5xxxx_tm.o(i.TM_SinglePulseModeCmd), (20 bytes).
    Removing ht32f5xxxx_tm.o(i.TM_SlaveModeConfig), (14 bytes).
    Removing ht32f5xxxx_tm.o(i.TM_StiConfig), (26 bytes).
    Removing ht32f5xxxx_tm.o(i.TM_TimSyncCmd), (20 bytes).
    Removing ht32f5xxxx_tm.o(i.TM_TimeBaseInit), (64 bytes).
    Removing ht32f5xxxx_tm.o(i.TM_TimeBaseStructInit), (20 bytes).
    Removing ht32f5xxxx_tm.o(i.TM_UEVG_IntConfig), (18 bytes).
    Removing ht32f5xxxx_tm.o(i.TM_UpdateCmd), (20 bytes).
    Removing ht32f5xxxx_tm.o(i._TM_CHx_Config), (60 bytes).
    Removing ht32f5xxxx_usart.o(.rev16_text), (4 bytes).
    Removing ht32f5xxxx_usart.o(.revsh_text), (4 bytes).
    Removing ht32f5xxxx_usart.o(i.USART_ClearFlag), (8 bytes).
    Removing ht32f5xxxx_usart.o(i.USART_DeInit), (68 bytes).
    Removing ht32f5xxxx_usart.o(i.USART_FIFOReset), (8 bytes).
    Removing ht32f5xxxx_usart.o(i.USART_ForceBreakCmd), (20 bytes).
    Removing ht32f5xxxx_usart.o(i.USART_GetFIFOStatus), (18 bytes).
    Removing ht32f5xxxx_usart.o(i.USART_HardwareFlowControlCmd), (18 bytes).
    Removing ht32f5xxxx_usart.o(i.USART_IrDACmd), (20 bytes).
    Removing ht32f5xxxx_usart.o(i.USART_IrDAConfig), (18 bytes).
    Removing ht32f5xxxx_usart.o(i.USART_IrDADirectionConfig), (18 bytes).
    Removing ht32f5xxxx_usart.o(i.USART_IrDAInvtCmd), (20 bytes).
    Removing ht32f5xxxx_usart.o(i.USART_PDMACmd), (16 bytes).
    Removing ht32f5xxxx_usart.o(i.USART_RS485AADCmd), (18 bytes).
    Removing ht32f5xxxx_usart.o(i.USART_RS485NMMCmd), (18 bytes).
    Removing ht32f5xxxx_usart.o(i.USART_RS485TxEnablePolarityConfig), (20 bytes).
    Removing ht32f5xxxx_usart.o(i.USART_SetAddressMatchValue), (16 bytes).
    Removing ht32f5xxxx_usart.o(i.USART_SetGuardTime), (16 bytes).
    Removing ht32f5xxxx_usart.o(i.USART_SetIrDAPrescaler), (16 bytes).
    Removing ht32f5xxxx_usart.o(i.USART_SetTimeOutValue), (16 bytes).
    Removing ht32f5xxxx_usart.o(i.USART_StickParityCmd), (20 bytes).
    Removing ht32f5xxxx_usart.o(i.USART_StickParityConfig), (24 bytes).
    Removing ht32f5xxxx_usart.o(i.USART_StructInit), (22 bytes).
    Removing ht32f5xxxx_usart.o(i.USART_SynClockInit), (26 bytes).
    Removing ht32f5xxxx_usart.o(i.USART_SynClockStructInit), (12 bytes).
    Removing ht32f5xxxx_usart.o(i.USART_TXRXTLConfig), (20 bytes).
    Removing ht32f5xxxx_usbd.o(.rev16_text), (4 bytes).
    Removing ht32f5xxxx_usbd.o(.revsh_text), (4 bytes).
    Removing ht32f5xxxx_usbd.o(i.USBD_ClearINT), (12 bytes).
    Removing ht32f5xxxx_usbd.o(i.USBD_DPWakeUpCmd), (28 bytes).
    Removing ht32f5xxxx_usbd.o(i.USBD_DPpullupCmd), (24 bytes).
    Removing ht32f5xxxx_usbd.o(i.USBD_DeInit), (16 bytes).
    Removing ht32f5xxxx_usbd.o(i.USBD_DisableDefaultPull), (12 bytes).
    Removing ht32f5xxxx_usbd.o(i.USBD_DisableINT), (16 bytes).
    Removing ht32f5xxxx_usbd.o(i.USBD_EPTClearDTG), (16 bytes).
    Removing ht32f5xxxx_usbd.o(i.USBD_EPTClearHalt), (16 bytes).
    Removing ht32f5xxxx_usbd.o(i.USBD_EPTClearINT), (12 bytes).
    Removing ht32f5xxxx_usbd.o(i.USBD_EPTEnableINT), (12 bytes).
    Removing ht32f5xxxx_usbd.o(i.USBD_EPTGetBuffer0Addr), (24 bytes).
    Removing ht32f5xxxx_usbd.o(i.USBD_EPTGetBuffer1Addr), (36 bytes).
    Removing ht32f5xxxx_usbd.o(i.USBD_EPTGetBufferLen), (14 bytes).
    Removing ht32f5xxxx_usbd.o(i.USBD_EPTGetHalt), (24 bytes).
    Removing ht32f5xxxx_usbd.o(i.USBD_EPTGetINT), (14 bytes).
    Removing ht32f5xxxx_usbd.o(i.USBD_EPTGetTransferCount), (18 bytes).
    Removing ht32f5xxxx_usbd.o(i.USBD_EPTInit), (36 bytes).
    Removing ht32f5xxxx_usbd.o(i.USBD_EPTReadMemory), (56 bytes).
    Removing ht32f5xxxx_usbd.o(i.USBD_EPTReadOUTData), (48 bytes).
    Removing ht32f5xxxx_usbd.o(i.USBD_EPTReset), (16 bytes).
    Removing ht32f5xxxx_usbd.o(i.USBD_EPTSendSTALL), (12 bytes).
    Removing ht32f5xxxx_usbd.o(i.USBD_EPTSetHalt), (20 bytes).
    Removing ht32f5xxxx_usbd.o(i.USBD_EPTWaitSTALLSent), (32 bytes).
    Removing ht32f5xxxx_usbd.o(i.USBD_EPTWriteINData), (68 bytes).
    Removing ht32f5xxxx_usbd.o(i.USBD_EnableINT), (16 bytes).
    Removing ht32f5xxxx_usbd.o(i.USBD_GetEPTnINTNumber), (32 bytes).
    Removing ht32f5xxxx_usbd.o(i.USBD_GetINT), (20 bytes).
    Removing ht32f5xxxx_usbd.o(i.USBD_Init), (8 bytes).
    Removing ht32f5xxxx_usbd.o(i.USBD_PowerOff), (16 bytes).
    Removing ht32f5xxxx_usbd.o(i.USBD_PowerOn), (28 bytes).
    Removing ht32f5xxxx_usbd.o(i.USBD_PowerUp), (116 bytes).
    Removing ht32f5xxxx_usbd.o(i.USBD_PreInit), (24 bytes).
    Removing ht32f5xxxx_usbd.o(i.USBD_ReadSETUPData), (16 bytes).
    Removing ht32f5xxxx_usbd.o(i.USBD_RemoteWakeup), (16 bytes).
    Removing ht32f5xxxx_usbd.o(i.USBD_SRAMResetConditionCmd), (24 bytes).
    Removing ht32f5xxxx_usbd.o(i.USBD_SetAddress), (20 bytes).
    Removing ht32f5xxxx_usbd.o(i._USBD_CopyMemory), (138 bytes).
    Removing ht32f5xxxx_usbd.o(i._USBD_GetEPTnAddr), (16 bytes).
    Removing ht32f5xxxx_usbd.o(.data), (4 bytes).
    Removing ht32f5xxxx_wdt.o(.rev16_text), (4 bytes).
    Removing ht32f5xxxx_wdt.o(.revsh_text), (4 bytes).
    Removing ht32f5xxxx_wdt.o(i.WDT_Cmd), (28 bytes).
    Removing ht32f5xxxx_wdt.o(i.WDT_DeInit), (16 bytes).
    Removing ht32f5xxxx_wdt.o(i.WDT_GetDeltaValue), (16 bytes).
    Removing ht32f5xxxx_wdt.o(i.WDT_GetFlagStatus), (20 bytes).
    Removing ht32f5xxxx_wdt.o(i.WDT_GetPrescaler), (20 bytes).
    Removing ht32f5xxxx_wdt.o(i.WDT_GetReloadValue), (16 bytes).
    Removing ht32f5xxxx_wdt.o(i.WDT_HaltConfig), (24 bytes).
    Removing ht32f5xxxx_wdt.o(i.WDT_LockCmd), (36 bytes).
    Removing ht32f5xxxx_wdt.o(i.WDT_ProtectCmd), (28 bytes).
    Removing ht32f5xxxx_wdt.o(i.WDT_ResetCmd), (28 bytes).
    Removing ht32f5xxxx_wdt.o(i.WDT_Restart), (16 bytes).
    Removing ht32f5xxxx_wdt.o(i.WDT_SetDeltaValue), (20 bytes).
    Removing ht32f5xxxx_wdt.o(i.WDT_SetPrescaler), (20 bytes).
    Removing ht32f5xxxx_wdt.o(i.WDT_SetReloadValue), (20 bytes).
    Removing ht32f5xxxx_wdt.o(i.WDT_SourceConfig), (16 bytes).
    Removing ht32_retarget.o(.rev16_text), (4 bytes).
    Removing ht32_retarget.o(.revsh_text), (4 bytes).
    Removing ht32_retarget.o(i.RETARGET_Configuration), (30 bytes).
    Removing ht32_retarget.o(i.__backspace), (4 bytes).
    Removing ht32_retarget.o(i._sys_exit), (2 bytes).
    Removing ht32_retarget.o(i._ttywrch), (8 bytes).
    Removing ht32_retarget.o(i.fgetc), (8 bytes).
    Removing ht32_retarget.o(.data), (4 bytes).
    Removing ht32_serial.o(.rev16_text), (4 bytes).
    Removing ht32_serial.o(.revsh_text), (4 bytes).
    Removing ht32_serial.o(i.SERIAL_Flush), (2 bytes).
    Removing ht32_serial.o(i.SERIAL_GetChar), (28 bytes).
    Removing ht32_board.o(.rev16_text), (4 bytes).
    Removing ht32_board.o(.revsh_text), (4 bytes).
    Removing ht32_board.o(i.HT32F_DVB_BuzzerFun), (292 bytes).
    Removing ht32_board.o(i.HT32F_DVB_BuzzerOutputCmd), (20 bytes).
    Removing ht32_board.o(i.HT32F_DVB_COMInit), (80 bytes).
    Removing ht32_board.o(i.HT32F_DVB_LEDInit), (88 bytes).
    Removing ht32_board.o(i.HT32F_DVB_LEDOff), (24 bytes).
    Removing ht32_board.o(i.HT32F_DVB_LEDOn), (24 bytes).
    Removing ht32_board.o(i.HT32F_DVB_LEDToggle), (32 bytes).
    Removing ht32_board.o(i.HT32F_DVB_PBGetState), (28 bytes).
    Removing ht32_board.o(i.HT32F_DVB_PBInit), (196 bytes).
    Removing ht32_board.o(i._HT32F_DVB_ClockConfig), (72 bytes).
    Removing ht32_board.o(.constdata), (68 bytes).
    Removing ebi_lcd.o(.rev16_text), (4 bytes).
    Removing ebi_lcd.o(.revsh_text), (4 bytes).
    Removing ebi_lcd.o(i.LCD_BackColorSet), (12 bytes).
    Removing ebi_lcd.o(i.LCD_CharDisplay), (24 bytes).
    Removing ebi_lcd.o(i.LCD_CharDraw), (84 bytes).
    Removing ebi_lcd.o(i.LCD_CircleDraw), (200 bytes).
    Removing ebi_lcd.o(i.LCD_Clear), (32 bytes).
    Removing ebi_lcd.o(i.LCD_Config), (640 bytes).
    Removing ebi_lcd.o(i.LCD_DisplayOff), (12 bytes).
    Removing ebi_lcd.o(i.LCD_DisplayOn), (12 bytes).
    Removing ebi_lcd.o(i.LCD_Init), (340 bytes).
    Removing ebi_lcd.o(i.LCD_LineDraw), (80 bytes).
    Removing ebi_lcd.o(i.LCD_PicDraw), (86 bytes).
    Removing ebi_lcd.o(i.LCD_ReadReg), (10 bytes).
    Removing ebi_lcd.o(i.LCD_RectDraw), (58 bytes).
    Removing ebi_lcd.o(i.LCD_SetDisplayArea), (84 bytes).
    Removing ebi_lcd.o(i.LCD_StarterSet), (44 bytes).
    Removing ebi_lcd.o(i.LCD_StringLineDisplay), (40 bytes).
    Removing ebi_lcd.o(i.LCD_TextColorSet), (12 bytes).
    Removing ebi_lcd.o(i.LCD_WriteRAM), (8 bytes).
    Removing ebi_lcd.o(i.LCD_WriteRAMPrior), (10 bytes).
    Removing ebi_lcd.o(i.LCD_WriteRAMWord), (12 bytes).
    Removing ebi_lcd.o(i.LCD_WriteReg), (10 bytes).
    Removing ebi_lcd.o(i._delay), (28 bytes).
    Removing ebi_lcd.o(.constdata), (4560 bytes).
    Removing ebi_lcd.o(.data), (4 bytes).
    Removing i2c_eeprom.o(.rev16_text), (4 bytes).
    Removing i2c_eeprom.o(.revsh_text), (4 bytes).
    Removing i2c_eeprom.o(i.I2C_EEPROM_BufferRead), (156 bytes).
    Removing i2c_eeprom.o(i.I2C_EEPROM_BufferWrite), (50 bytes).
    Removing i2c_eeprom.o(i.I2C_EEPROM_Init), (96 bytes).
    Removing i2c_eeprom.o(i.I2C_EEPROM_PageWrite), (96 bytes).
    Removing i2c_eeprom.o(i._I2C_EEPROM_AckPolling), (60 bytes).
    Removing spi_flash.o(.rev16_text), (4 bytes).
    Removing spi_flash.o(.revsh_text), (4 bytes).
    Removing spi_flash.o(i.SPI_FLASH_BlockErase), (64 bytes).
    Removing spi_flash.o(i.SPI_FLASH_BufferDualRead), (104 bytes).
    Removing spi_flash.o(i.SPI_FLASH_BufferDualReadByDMA), (276 bytes).
    Removing spi_flash.o(i.SPI_FLASH_BufferRead), (76 bytes).
    Removing spi_flash.o(i.SPI_FLASH_BufferReadByDMA), (256 bytes).
    Removing spi_flash.o(i.SPI_FLASH_BufferWriteBy), (194 bytes).
    Removing spi_flash.o(i.SPI_FLASH_ChipErase), (40 bytes).
    Removing spi_flash.o(i.SPI_FLASH_Init), (148 bytes).
    Removing spi_flash.o(i.SPI_FLASH_PageWrite), (84 bytes).
    Removing spi_flash.o(i.SPI_FLASH_PageWriteByDMA), (256 bytes).
    Removing spi_flash.o(i.SPI_FLASH_ReadJEDECID), (64 bytes).
    Removing spi_flash.o(i.SPI_FLASH_SectorErase), (64 bytes).
    Removing spi_flash.o(i.SPI_FLASH_SendByte), (52 bytes).
    Removing spi_flash.o(i.SPI_FLASH_WaitForWriteEnd), (44 bytes).
    Removing spi_flash.o(i.SPI_FLASH_WriteDisable), (32 bytes).
    Removing spi_flash.o(i.SPI_FLASH_WriteEnable), (32 bytes).
    Removing spi_flash.o(i.SPI_FLASH_WriteStatus), (44 bytes).
    Removing dadd.o(.text), (356 bytes).
    Removing dmul.o(.text), (208 bytes).
    Removing ddiv.o(.text), (240 bytes).
    Removing dfixul.o(.text), (64 bytes).
    Removing cdrcmple.o(.text), (40 bytes).
    Removing depilogue.o(.text), (190 bytes).
    Removing depilogue.o(i.__ARM_clz), (46 bytes).

582 unused section(s) (total 24531 bytes) removed from the image.

==============================================================================

Image Symbol Table

    Local Symbols

    Symbol Name                              Value     Ov Type        Size  Object(Section)

    RESET                                    0x00000000   Section      356  startup_ht32f5xxxx_01.o(RESET)
    ../clib/microlib/division.c              0x00000000   Number         0  uldiv.o ABSOLUTE
    ../clib/microlib/division.c              0x00000000   Number         0  idiv.o ABSOLUTE
    ../clib/microlib/division.c              0x00000000   Number         0  uidiv.o ABSOLUTE
    ../clib/microlib/init/entry.s            0x00000000   Number         0  entry7b.o ABSOLUTE
    ../clib/microlib/init/entry.s            0x00000000   Number         0  entry.o ABSOLUTE
    ../clib/microlib/init/entry.s            0x00000000   Number         0  entry5.o ABSOLUTE
    ../clib/microlib/init/entry.s            0x00000000   Number         0  entry11b.o ABSOLUTE
    ../clib/microlib/init/entry.s            0x00000000   Number         0  entry2.o ABSOLUTE
    ../clib/microlib/init/entry.s            0x00000000   Number         0  entry11a.o ABSOLUTE
    ../clib/microlib/init/entry.s            0x00000000   Number         0  entry10b.o ABSOLUTE
    ../clib/microlib/init/entry.s            0x00000000   Number         0  entry10a.o ABSOLUTE
    ../clib/microlib/init/entry.s            0x00000000   Number         0  entry9b.o ABSOLUTE
    ../clib/microlib/init/entry.s            0x00000000   Number         0  entry9a.o ABSOLUTE
    ../clib/microlib/init/entry.s            0x00000000   Number         0  entry8b.o ABSOLUTE
    ../clib/microlib/init/entry.s            0x00000000   Number         0  entry8a.o ABSOLUTE
    ../clib/microlib/init/entry.s            0x00000000   Number         0  entry7a.o ABSOLUTE
    ../clib/microlib/longlong.c              0x00000000   Number         0  llsshr.o ABSOLUTE
    ../clib/microlib/longlong.c              0x00000000   Number         0  llushr.o ABSOLUTE
    ../clib/microlib/longlong.c              0x00000000   Number         0  llshl.o ABSOLUTE
    ../clib/microlib/printf/printf.c         0x00000000   Number         0  printfa.o ABSOLUTE
    ../clib/microlib/printf/printf.c         0x00000000   Number         0  printf0.o ABSOLUTE
    ../clib/microlib/printf/printf.c         0x00000000   Number         0  printf1.o ABSOLUTE
    ../clib/microlib/printf/printf.c         0x00000000   Number         0  printf2.o ABSOLUTE
    ../clib/microlib/printf/printf.c         0x00000000   Number         0  printf3.o ABSOLUTE
    ../clib/microlib/printf/printf.c         0x00000000   Number         0  printf4.o ABSOLUTE
    ../clib/microlib/printf/printf.c         0x00000000   Number         0  printf5.o ABSOLUTE
    ../clib/microlib/printf/printf.c         0x00000000   Number         0  printf6.o ABSOLUTE
    ../clib/microlib/printf/printf.c         0x00000000   Number         0  printf7.o ABSOLUTE
    ../clib/microlib/printf/printf.c         0x00000000   Number         0  printf8.o ABSOLUTE
    ../clib/microlib/printf/printf.c         0x00000000   Number         0  printfb.o ABSOLUTE
    ../clib/microlib/printf/stubs.s          0x00000000   Number         0  stubs.o ABSOLUTE
    ../clib/microlib/string/memset.c         0x00000000   Number         0  memseta.o ABSOLUTE
    ../clib/microlib/string/strcat.c         0x00000000   Number         0  strcat.o ABSOLUTE
    ../clib/microlib/string/strlen.c         0x00000000   Number         0  strlen.o ABSOLUTE
    ../clib/microlib/stubs.s                 0x00000000   Number         0  useno.o ABSOLUTE
    ../clib/microlib/stubs.s                 0x00000000   Number         0  iusefp.o ABSOLUTE
    ../fplib/microlib/fpadd.c                0x00000000   Number         0  dadd.o ABSOLUTE
    ../fplib/microlib/fpdiv.c                0x00000000   Number         0  ddiv.o ABSOLUTE
    ../fplib/microlib/fpepilogue.c           0x00000000   Number         0  depilogue.o ABSOLUTE
    ../fplib/microlib/fpfix.c                0x00000000   Number         0  dfixul.o ABSOLUTE
    ../fplib/microlib/fpmul.c                0x00000000   Number         0  dmul.o ABSOLUTE
    ..\..\..\..\library\HT32F5xxxx_Driver\src\ht32_cm0plus_misc.c 0x00000000   Number         0  ht32_cm0plus_misc.o ABSOLUTE
    ..\..\..\..\library\HT32F5xxxx_Driver\src\ht32_retarget.c 0x00000000   Number         0  ht32_retarget.o ABSOLUTE
    ..\..\..\..\library\HT32F5xxxx_Driver\src\ht32_serial.c 0x00000000   Number         0  ht32_serial.o ABSOLUTE
    ..\..\..\..\library\HT32F5xxxx_Driver\src\ht32f5xxxx_adc.c 0x00000000   Number         0  ht32f5xxxx_adc.o ABSOLUTE
    ..\..\..\..\library\HT32F5xxxx_Driver\src\ht32f5xxxx_bftm.c 0x00000000   Number         0  ht32f5xxxx_bftm.o ABSOLUTE
    ..\..\..\..\library\HT32F5xxxx_Driver\src\ht32f5xxxx_ckcu.c 0x00000000   Number         0  ht32f5xxxx_ckcu.o ABSOLUTE
    ..\..\..\..\library\HT32F5xxxx_Driver\src\ht32f5xxxx_cmp.c 0x00000000   Number         0  ht32f5xxxx_cmp.o ABSOLUTE
    ..\..\..\..\library\HT32F5xxxx_Driver\src\ht32f5xxxx_crc.c 0x00000000   Number         0  ht32f5xxxx_crc.o ABSOLUTE
    ..\..\..\..\library\HT32F5xxxx_Driver\src\ht32f5xxxx_ebi.c 0x00000000   Number         0  ht32f5xxxx_ebi.o ABSOLUTE
    ..\..\..\..\library\HT32F5xxxx_Driver\src\ht32f5xxxx_exti.c 0x00000000   Number         0  ht32f5xxxx_exti.o ABSOLUTE
    ..\..\..\..\library\HT32F5xxxx_Driver\src\ht32f5xxxx_flash.c 0x00000000   Number         0  ht32f5xxxx_flash.o ABSOLUTE
    ..\..\..\..\library\HT32F5xxxx_Driver\src\ht32f5xxxx_gpio.c 0x00000000   Number         0  ht32f5xxxx_gpio.o ABSOLUTE
    ..\..\..\..\library\HT32F5xxxx_Driver\src\ht32f5xxxx_i2c.c 0x00000000   Number         0  ht32f5xxxx_i2c.o ABSOLUTE
    ..\..\..\..\library\HT32F5xxxx_Driver\src\ht32f5xxxx_i2s.c 0x00000000   Number         0  ht32f5xxxx_i2s.o ABSOLUTE
    ..\..\..\..\library\HT32F5xxxx_Driver\src\ht32f5xxxx_mctm.c 0x00000000   Number         0  ht32f5xxxx_mctm.o ABSOLUTE
    ..\..\..\..\library\HT32F5xxxx_Driver\src\ht32f5xxxx_pdma.c 0x00000000   Number         0  ht32f5xxxx_pdma.o ABSOLUTE
    ..\..\..\..\library\HT32F5xxxx_Driver\src\ht32f5xxxx_pwrcu.c 0x00000000   Number         0  ht32f5xxxx_pwrcu.o ABSOLUTE
    ..\..\..\..\library\HT32F5xxxx_Driver\src\ht32f5xxxx_rstcu.c 0x00000000   Number         0  ht32f5xxxx_rstcu.o ABSOLUTE
    ..\..\..\..\library\HT32F5xxxx_Driver\src\ht32f5xxxx_rtc.c 0x00000000   Number         0  ht32f5xxxx_rtc.o ABSOLUTE
    ..\..\..\..\library\HT32F5xxxx_Driver\src\ht32f5xxxx_sci.c 0x00000000   Number         0  ht32f5xxxx_sci.o ABSOLUTE
    ..\..\..\..\library\HT32F5xxxx_Driver\src\ht32f5xxxx_spi.c 0x00000000   Number         0  ht32f5xxxx_spi.o ABSOLUTE
    ..\..\..\..\library\HT32F5xxxx_Driver\src\ht32f5xxxx_tm.c 0x00000000   Number         0  ht32f5xxxx_tm.o ABSOLUTE
    ..\..\..\..\library\HT32F5xxxx_Driver\src\ht32f5xxxx_usart.c 0x00000000   Number         0  ht32f5xxxx_usart.o ABSOLUTE
    ..\..\..\..\library\HT32F5xxxx_Driver\src\ht32f5xxxx_usbd.c 0x00000000   Number         0  ht32f5xxxx_usbd.o ABSOLUTE
    ..\..\..\..\library\HT32F5xxxx_Driver\src\ht32f5xxxx_wdt.c 0x00000000   Number         0  ht32f5xxxx_wdt.o ABSOLUTE
    ..\..\..\..\library\HT32_USBD_Library\src\ht32_usbd_core.c 0x00000000   Number         0  ht32_usbd_core.o ABSOLUTE
    ..\..\..\..\utilities\common\ebi_lcd.c   0x00000000   Number         0  ebi_lcd.o ABSOLUTE
    ..\..\..\..\utilities\common\i2c_eeprom.c 0x00000000   Number         0  i2c_eeprom.o ABSOLUTE
    ..\..\..\..\utilities\common\spi_flash.c 0x00000000   Number         0  spi_flash.o ABSOLUTE
    ..\..\..\..\utilities\ht32_board.c       0x00000000   Number         0  ht32_board.o ABSOLUTE
    ..\Delay.c                               0x00000000   Number         0  delay.o ABSOLUTE
    ..\Descr.c                               0x00000000   Number         0  descr.o ABSOLUTE
    ..\Descr_1.c                             0x00000000   Number         0  descr_1.o ABSOLUTE
    ..\SL811HS.c                             0x00000000   Number         0  sl811hs.o ABSOLUTE
    ..\SL811HS_1.c                           0x00000000   Number         0  sl811hs_1.o ABSOLUTE
    ..\\..\\..\\..\\library\\HT32F5xxxx_Driver\\src\\ht32_cm0plus_misc.c 0x00000000   Number         0  ht32_cm0plus_misc.o ABSOLUTE
    ..\\..\\..\\..\\library\\HT32F5xxxx_Driver\\src\\ht32_retarget.c 0x00000000   Number         0  ht32_retarget.o ABSOLUTE
    ..\\..\\..\\..\\library\\HT32F5xxxx_Driver\\src\\ht32_serial.c 0x00000000   Number         0  ht32_serial.o ABSOLUTE
    ..\\..\\..\\..\\library\\HT32F5xxxx_Driver\\src\\ht32f5xxxx_adc.c 0x00000000   Number         0  ht32f5xxxx_adc.o ABSOLUTE
    ..\\..\\..\\..\\library\\HT32F5xxxx_Driver\\src\\ht32f5xxxx_bftm.c 0x00000000   Number         0  ht32f5xxxx_bftm.o ABSOLUTE
    ..\\..\\..\\..\\library\\HT32F5xxxx_Driver\\src\\ht32f5xxxx_ckcu.c 0x00000000   Number         0  ht32f5xxxx_ckcu.o ABSOLUTE
    ..\\..\\..\\..\\library\\HT32F5xxxx_Driver\\src\\ht32f5xxxx_cmp.c 0x00000000   Number         0  ht32f5xxxx_cmp.o ABSOLUTE
    ..\\..\\..\\..\\library\\HT32F5xxxx_Driver\\src\\ht32f5xxxx_crc.c 0x00000000   Number         0  ht32f5xxxx_crc.o ABSOLUTE
    ..\\..\\..\\..\\library\\HT32F5xxxx_Driver\\src\\ht32f5xxxx_ebi.c 0x00000000   Number         0  ht32f5xxxx_ebi.o ABSOLUTE
    ..\\..\\..\\..\\library\\HT32F5xxxx_Driver\\src\\ht32f5xxxx_exti.c 0x00000000   Number         0  ht32f5xxxx_exti.o ABSOLUTE
    ..\\..\\..\\..\\library\\HT32F5xxxx_Driver\\src\\ht32f5xxxx_flash.c 0x00000000   Number         0  ht32f5xxxx_flash.o ABSOLUTE
    ..\\..\\..\\..\\library\\HT32F5xxxx_Driver\\src\\ht32f5xxxx_gpio.c 0x00000000   Number         0  ht32f5xxxx_gpio.o ABSOLUTE
    ..\\..\\..\\..\\library\\HT32F5xxxx_Driver\\src\\ht32f5xxxx_i2c.c 0x00000000   Number         0  ht32f5xxxx_i2c.o ABSOLUTE
    ..\\..\\..\\..\\library\\HT32F5xxxx_Driver\\src\\ht32f5xxxx_i2s.c 0x00000000   Number         0  ht32f5xxxx_i2s.o ABSOLUTE
    ..\\..\\..\\..\\library\\HT32F5xxxx_Driver\\src\\ht32f5xxxx_mctm.c 0x00000000   Number         0  ht32f5xxxx_mctm.o ABSOLUTE
    ..\\..\\..\\..\\library\\HT32F5xxxx_Driver\\src\\ht32f5xxxx_pdma.c 0x00000000   Number         0  ht32f5xxxx_pdma.o ABSOLUTE
    ..\\..\\..\\..\\library\\HT32F5xxxx_Driver\\src\\ht32f5xxxx_pwrcu.c 0x00000000   Number         0  ht32f5xxxx_pwrcu.o ABSOLUTE
    ..\\..\\..\\..\\library\\HT32F5xxxx_Driver\\src\\ht32f5xxxx_rstcu.c 0x00000000   Number         0  ht32f5xxxx_rstcu.o ABSOLUTE
    ..\\..\\..\\..\\library\\HT32F5xxxx_Driver\\src\\ht32f5xxxx_rtc.c 0x00000000   Number         0  ht32f5xxxx_rtc.o ABSOLUTE
    ..\\..\\..\\..\\library\\HT32F5xxxx_Driver\\src\\ht32f5xxxx_sci.c 0x00000000   Number         0  ht32f5xxxx_sci.o ABSOLUTE
    ..\\..\\..\\..\\library\\HT32F5xxxx_Driver\\src\\ht32f5xxxx_spi.c 0x00000000   Number         0  ht32f5xxxx_spi.o ABSOLUTE
    ..\\..\\..\\..\\library\\HT32F5xxxx_Driver\\src\\ht32f5xxxx_tm.c 0x00000000   Number         0  ht32f5xxxx_tm.o ABSOLUTE
    ..\\..\\..\\..\\library\\HT32F5xxxx_Driver\\src\\ht32f5xxxx_usart.c 0x00000000   Number         0  ht32f5xxxx_usart.o ABSOLUTE
    ..\\..\\..\\..\\library\\HT32F5xxxx_Driver\\src\\ht32f5xxxx_usbd.c 0x00000000   Number         0  ht32f5xxxx_usbd.o ABSOLUTE
    ..\\..\\..\\..\\library\\HT32F5xxxx_Driver\\src\\ht32f5xxxx_wdt.c 0x00000000   Number         0  ht32f5xxxx_wdt.o ABSOLUTE
    ..\\..\\..\\..\\library\\HT32_USBD_Library\\src\\ht32_usbd_core.c 0x00000000   Number         0  ht32_usbd_core.o ABSOLUTE
    ..\\..\\..\\..\\utilities\\common\\ebi_lcd.c 0x00000000   Number         0  ebi_lcd.o ABSOLUTE
    ..\\..\\..\\..\\utilities\\common\\i2c_eeprom.c 0x00000000   Number         0  i2c_eeprom.o ABSOLUTE
    ..\\..\\..\\..\\utilities\\common\\spi_flash.c 0x00000000   Number         0  spi_flash.o ABSOLUTE
    ..\\..\\..\\..\\utilities\\ht32_board.c  0x00000000   Number         0  ht32_board.o ABSOLUTE
    ..\\Descr.c                              0x00000000   Number         0  descr.o ABSOLUTE
    ..\\Descr_1.c                            0x00000000   Number         0  descr_1.o ABSOLUTE
    ..\\SL811HS.c                            0x00000000   Number         0  sl811hs.o ABSOLUTE
    ..\\SL811HS_1.c                          0x00000000   Number         0  sl811hs_1.o ABSOLUTE
    ..\\ht32f5xxxx_01_it.c                   0x00000000   Number         0  ht32f5xxxx_01_it.o ABSOLUTE
    ..\\main.c                               0x00000000   Number         0  main.o ABSOLUTE
    ..\\system_ht32f5xxxx_01.c               0x00000000   Number         0  system_ht32f5xxxx_01.o ABSOLUTE
    ..\ht32f5xxxx_01_it.c                    0x00000000   Number         0  ht32f5xxxx_01_it.o ABSOLUTE
    ..\main.c                                0x00000000   Number         0  main.o ABSOLUTE
    ..\system_ht32f5xxxx_01.c                0x00000000   Number         0  system_ht32f5xxxx_01.o ABSOLUTE
    cdrcmple.s                               0x00000000   Number         0  cdrcmple.o ABSOLUTE
    dc.s                                     0x00000000   Number         0  dc.o ABSOLUTE
    handlers.s                               0x00000000   Number         0  handlers.o ABSOLUTE
    ht32_op.s                                0x00000000   Number         0  ht32_op.o ABSOLUTE
    init.s                                   0x00000000   Number         0  init.o ABSOLUTE
    startup_ht32f5xxxx_01.s                  0x00000000   Number         0  startup_ht32f5xxxx_01.o ABSOLUTE
    BootProcess                              0x000000cd   Thumb Code    94  startup_ht32f5xxxx_01.o(RESET)
    .ARM.Collect$$$$00000000                 0x00000164   Section        0  entry.o(.ARM.Collect$$$$00000000)
    .ARM.Collect$$$$00000001                 0x00000164   Section        4  entry2.o(.ARM.Collect$$$$00000001)
    .ARM.Collect$$$$00000004                 0x00000168   Section        4  entry5.o(.ARM.Collect$$$$00000004)
    .ARM.Collect$$$$00000008                 0x0000016c   Section        0  entry7b.o(.ARM.Collect$$$$00000008)
    .ARM.Collect$$$$0000000A                 0x0000016c   Section        0  entry8b.o(.ARM.Collect$$$$0000000A)
    .ARM.Collect$$$$0000000B                 0x0000016c   Section        8  entry9a.o(.ARM.Collect$$$$0000000B)
    .ARM.Collect$$$$0000000D                 0x00000174   Section        0  entry10a.o(.ARM.Collect$$$$0000000D)
    .ARM.Collect$$$$0000000F                 0x00000174   Section        0  entry11a.o(.ARM.Collect$$$$0000000F)
    .ARM.Collect$$$$00002712                 0x00000174   Section        4  entry2.o(.ARM.Collect$$$$00002712)
    __lit__00000000                          0x00000174   Data           4  entry2.o(.ARM.Collect$$$$00002712)
    .text                                    0x00000178   Section        0  uidiv.o(.text)
    .text                                    0x000001a4   Section        0  idiv.o(.text)
    .text                                    0x000001cc   Section        0  memseta.o(.text)
    .text                                    0x000001f0   Section        0  strcat.o(.text)
    .text                                    0x00000208   Section        0  strlen.o(.text)
    .text                                    0x00000216   Section        0  uldiv.o(.text)
    .text                                    0x00000278   Section       36  init.o(.text)
    .text                                    0x0000029c   Section        0  llshl.o(.text)
    .text                                    0x000002bc   Section        0  llushr.o(.text)
    i.ACSII_format_PC                        0x000002e0   Section        0  main.o(i.ACSII_format_PC)
    i.ACSII_format_UART                      0x00000458   Section        0  main.o(i.ACSII_format_UART)
    i.AFIO_GPxConfig                         0x000007d8   Section        0  ht32f5xxxx_gpio.o(i.AFIO_GPxConfig)
    i.AT_MQTT                                0x00000830   Section        0  main.o(i.AT_MQTT)
    i.AT_Time                                0x00000910   Section        0  main.o(i.AT_Time)
    i.CKCU_GetClocksFrequency                0x000009a4   Section        0  ht32f5xxxx_ckcu.o(i.CKCU_GetClocksFrequency)
    i.CKCU_GetPLLFrequency                   0x00000a10   Section        0  ht32f5xxxx_ckcu.o(i.CKCU_GetPLLFrequency)
    i.CKCU_GetPeripFrequency                 0x00000a4c   Section        0  ht32f5xxxx_ckcu.o(i.CKCU_GetPeripFrequency)
    i.CKCU_PeripClockConfig                  0x00000a80   Section        0  ht32f5xxxx_ckcu.o(i.CKCU_PeripClockConfig)
    i.Config_Descriptor                      0x00000aa8   Section        0  descr.o(i.Config_Descriptor)
    i.Config_Descriptor_1                    0x00000ae8   Section        0  descr_1.o(i.Config_Descriptor_1)
    i.DEVICE_Descriptor                      0x00000b28   Section        0  descr.o(i.DEVICE_Descriptor)
    i.DEVICE_Descriptor_1                    0x00000b44   Section        0  descr_1.o(i.DEVICE_Descriptor_1)
    i.Delay                                  0x00000b60   Section        0  delay.o(i.Delay)
    i.Delayms                                0x00000b68   Section        0  delay.o(i.Delayms)
    i.Delayus                                0x00000b80   Section        0  delay.o(i.Delayus)
    i.GPIO_DirectionConfig                   0x00000b90   Section        0  ht32f5xxxx_gpio.o(i.GPIO_DirectionConfig)
    i.GPIO_InputConfig                       0x00000ba0   Section        0  ht32f5xxxx_gpio.o(i.GPIO_InputConfig)
    i.GPIO_PullResistorConfig                0x00000bb0   Section        0  ht32f5xxxx_gpio.o(i.GPIO_PullResistorConfig)
    i.GPIO_ReadInBit                         0x00000bda   Section        0  ht32f5xxxx_gpio.o(i.GPIO_ReadInBit)
    i.Get_Descriptor                         0x00000be4   Section        0  sl811hs.o(i.Get_Descriptor)
    i.Get_Descriptor_1                       0x00000c58   Section        0  sl811hs_1.o(i.Get_Descriptor_1)
    i.Get_HID_data_Z                         0x00000ccc   Section        0  descr_1.o(i.Get_HID_data_Z)
    i.Get_HID_data_x                         0x00000d20   Section        0  descr.o(i.Get_HID_data_x)
    i.Get_HID_data_y                         0x00000d7c   Section        0  descr.o(i.Get_HID_data_y)
    i.Get_ctl_length                         0x00000dd4   Section        0  descr.o(i.Get_ctl_length)
    i.Get_ctl_length_1                       0x00000df0   Section        0  descr_1.o(i.Get_ctl_length_1)
    i.HardFault_Handler                      0x00000e0c   Section        0  ht32f5xxxx_01_it.o(i.HardFault_Handler)
    i.NBiot_TIMER                            0x00000e1c   Section        0  main.o(i.NBiot_TIMER)
    i.NBiot_check                            0x00000eb0   Section        0  main.o(i.NBiot_check)
    i.NMI_Handler                            0x00000ed0   Section        0  ht32f5xxxx_01_it.o(i.NMI_Handler)
    i.PWRCU_CheckReadyAccessed               0x00000ed4   Section        0  ht32f5xxxx_pwrcu.o(i.PWRCU_CheckReadyAccessed)
    i.PendSV_Handler                         0x00000ef4   Section        0  ht32f5xxxx_01_it.o(i.PendSV_Handler)
    i.SERIAL_PutChar                         0x00000ef8   Section        0  ht32_serial.o(i.SERIAL_PutChar)
    i.SVC_Handler                            0x00000f0c   Section        0  ht32f5xxxx_01_it.o(i.SVC_Handler)
    i.Set_Address                            0x00000f10   Section        0  sl811hs.o(i.Set_Address)
    i.Set_Address_1                          0x00000f48   Section        0  sl811hs_1.o(i.Set_Address_1)
    i.Set_Config                             0x00000f80   Section        0  descr.o(i.Set_Config)
    i.Set_Config_1                           0x00000fb4   Section        0  descr_1.o(i.Set_Config_1)
    i.SysTick_Handler                        0x00000fe8   Section        0  ht32f5xxxx_01_it.o(i.SysTick_Handler)
    i.SystemInit                             0x00000fec   Section        0  system_ht32f5xxxx_01.o(i.SystemInit)
    i.USART1_IRQHandler                      0x000010e8   Section        0  ht32f5xxxx_01_it.o(i.USART1_IRQHandler)
    i.USART_GetFlagStatus                    0x000011ac   Section        0  ht32f5xxxx_usart.o(i.USART_GetFlagStatus)
    i.USART_GetIntStatus                     0x000011b6   Section        0  ht32f5xxxx_usart.o(i.USART_GetIntStatus)
    i.USART_Init                             0x000011c0   Section        0  ht32f5xxxx_usart.o(i.USART_Init)
    i.USART_IntConfig                        0x00001244   Section        0  ht32f5xxxx_usart.o(i.USART_IntConfig)
    i.USART_ReceiveData                      0x00001254   Section        0  ht32f5xxxx_usart.o(i.USART_ReceiveData)
    i.USART_SendData                         0x0000125a   Section        0  ht32f5xxxx_usart.o(i.USART_SendData)
    i.USART_TxRxCmd                          0x0000125e   Section        0  ht32f5xxxx_usart.o(i.USART_TxRxCmd)
    i.USB_HOST_SET_1                         0x00001274   Section        0  main.o(i.USB_HOST_SET_1)
    i.USB_HOST_SET_2                         0x00001318   Section        0  main.o(i.USB_HOST_SET_2)
    i.UxART_Configuration                    0x000013c4   Section        0  main.o(i.UxART_Configuration)
    i.__0printf$8                            0x00001454   Section        0  printf8.o(i.__0printf$8)
    i.__0snprintf$8                          0x00001474   Section        0  printf8.o(i.__0snprintf$8)
    i.__0sprintf$8                           0x000014a8   Section        0  printf8.o(i.__0sprintf$8)
    i.__ARM_common_switch8                   0x000014d0   Section        0  ht32f5xxxx_ckcu.o(i.__ARM_common_switch8)
    i.__scatterload_copy                     0x000014ea   Section       14  handlers.o(i.__scatterload_copy)
    i.__scatterload_null                     0x000014f8   Section        2  handlers.o(i.__scatterload_null)
    i.__scatterload_zeroinit                 0x000014fa   Section       14  handlers.o(i.__scatterload_zeroinit)
    i._printf_core                           0x00001508   Section        0  printf8.o(i._printf_core)
    _printf_core                             0x00001509   Thumb Code  1020  printf8.o(i._printf_core)
    i._printf_post_padding                   0x00001930   Section        0  printf8.o(i._printf_post_padding)
    _printf_post_padding                     0x00001931   Thumb Code    32  printf8.o(i._printf_post_padding)
    i._printf_pre_padding                    0x00001950   Section        0  printf8.o(i._printf_pre_padding)
    _printf_pre_padding                      0x00001951   Thumb Code    44  printf8.o(i._printf_pre_padding)
    i._snputc                                0x0000197c   Section        0  printf8.o(i._snputc)
    _snputc                                  0x0000197d   Thumb Code    22  printf8.o(i._snputc)
    i._sputc                                 0x00001992   Section        0  printf8.o(i._sputc)
    _sputc                                   0x00001993   Thumb Code    10  printf8.o(i._sputc)
    i.commandloop                            0x0000199c   Section        0  sl811hs.o(i.commandloop)
    i.commandloop_1                          0x000019cc   Section        0  sl811hs_1.o(i.commandloop_1)
    i.fputc                                  0x000019fc   Section        0  ht32_retarget.o(i.fputc)
    i.get_HID_IN_endpoint                    0x00001a04   Section        0  sl811hs.o(i.get_HID_IN_endpoint)
    i.get_HID_IN_endpoint_1                  0x00001a34   Section        0  sl811hs_1.o(i.get_HID_IN_endpoint_1)
    i.host_go                                0x00001a64   Section        0  sl811hs.o(i.host_go)
    i.host_go_1                              0x00001a9c   Section        0  sl811hs_1.o(i.host_go_1)
    i.host_init                              0x00001ad4   Section        0  sl811hs.o(i.host_init)
    i.host_init_1                            0x00001ba4   Section        0  sl811hs_1.o(i.host_init_1)
    i.host_port                              0x00001c74   Section        0  sl811hs.o(i.host_port)
    i.host_port_1                            0x00001d2c   Section        0  sl811hs_1.o(i.host_port_1)
    i.host_reset                             0x00001dec   Section        0  sl811hs.o(i.host_reset)
    i.host_reset_1                           0x00001e18   Section        0  sl811hs_1.o(i.host_reset_1)
    i.host_set                               0x00001e44   Section        0  sl811hs.o(i.host_set)
    i.host_set_1                             0x00001ec0   Section        0  sl811hs_1.o(i.host_set_1)
    i.in                                     0x00001f3c   Section        0  sl811hs.o(i.in)
    i.in_1                                   0x00001f48   Section        0  sl811hs_1.o(i.in_1)
    i.inpackage                              0x00001f54   Section        0  sl811hs.o(i.inpackage)
    i.inpackage_1                            0x00001f90   Section        0  sl811hs_1.o(i.inpackage_1)
    i.main                                   0x00001fcc   Section        0  main.o(i.main)
    i.out                                    0x00002148   Section        0  sl811hs.o(i.out)
    i.out_1                                  0x00002154   Section        0  sl811hs_1.o(i.out_1)
    i.outpackage                             0x00002160   Section        0  sl811hs.o(i.outpackage)
    i.outpackage_1                           0x0000219c   Section        0  sl811hs_1.o(i.outpackage_1)
    i.port_inout                             0x000021d8   Section        0  sl811hs.o(i.port_inout)
    i.port_inout_1                           0x00002330   Section        0  sl811hs_1.o(i.port_inout_1)
    i.rd_host                                0x0000248c   Section        0  sl811hs.o(i.rd_host)
    i.rd_host_1                              0x00002534   Section        0  sl811hs_1.o(i.rd_host_1)
    i.read_host_port                         0x000025dc   Section        0  sl811hs.o(i.read_host_port)
    i.read_host_port_1                       0x00002654   Section        0  sl811hs_1.o(i.read_host_port_1)
    i.setup                                  0x000026d4   Section        0  sl811hs.o(i.setup)
    i.setup_1                                0x000026e0   Section        0  sl811hs_1.o(i.setup_1)
    i.setuppackage                           0x000026ec   Section        0  sl811hs.o(i.setuppackage)
    i.setuppackage_1                         0x00002768   Section        0  sl811hs_1.o(i.setuppackage_1)
    i.wr_host                                0x000027e4   Section        0  sl811hs.o(i.wr_host)
    i.wr_host_1                              0x00002874   Section        0  sl811hs_1.o(i.wr_host_1)
    .conststring                             0x00002904   Section       65  main.o(.conststring)
    .data                                    0x20000000   Section        4  main.o(.data)
    .data                                    0x20000004   Section       72  main.o(.data)
    .data                                    0x2000004c   Section        4  main.o(.data)
    .data                                    0x20000050   Section        4  main.o(.data)
    .data                                    0x20000054   Section        4  ht32f5xxxx_01_it.o(.data)
    gIsContinue                              0x20000054   Data           4  ht32f5xxxx_01_it.o(.data)
    .data                                    0x20000058   Section       12  sl811hs.o(.data)
    .data                                    0x20000064   Section       12  sl811hs_1.o(.data)
    .data                                    0x20000070   Section        4  ht32_retarget.o(.data)
    .bss                                     0x20000074   Section     5218  main.o(.bss)
    STACK                                    0x200014d8   Section      512  startup_ht32f5xxxx_01.o(STACK)

    Global Symbols

    Symbol Name                              Value     Ov Type        Size  Object(Section)

    BuildAttributes$$THM_ISAv3M$S$PE$A:L22$X:L11$S22$IEEE1$IW$USESV6$~STKCKD$USESV7$~SHL$OSPACE$ROPI$EBA8$MICROLIB$REQ8$PRES8$EABIv2 0x00000000   Number         0  anon$$obj.o ABSOLUTE
    __ARM_use_no_argv                        0x00000000   Number         0  main.o ABSOLUTE
    __Vectors                                0x00000000   Data           0  startup_ht32f5xxxx_01.o(RESET)
    __use_no_errno                           0x00000000   Number         0  useno.o ABSOLUTE
    __use_no_exception_handling              0x00000000   Number         0  useno.o ABSOLUTE
    __use_no_fp                              0x00000000   Number         0  useno.o ABSOLUTE
    __use_no_heap                            0x00000000   Number         0  useno.o ABSOLUTE
    __use_no_heap_region                     0x00000000   Number         0  useno.o ABSOLUTE
    __use_no_semihosting                     0x00000000   Number         0  useno.o ABSOLUTE
    __use_no_semihosting_swi                 0x00000000   Number         0  useno.o ABSOLUTE
    __use_no_signal_handling                 0x00000000   Number         0  useno.o ABSOLUTE
    _printf_a                                0x00000000   Number         0  stubs.o ABSOLUTE
    _printf_c                                0x00000000   Number         0  stubs.o ABSOLUTE
    _printf_charcount                        0x00000000   Number         0  stubs.o ABSOLUTE
    _printf_d                                0x00000000   Number         0  stubs.o ABSOLUTE
    _printf_e                                0x00000000   Number         0  stubs.o ABSOLUTE
    _printf_f                                0x00000000   Number         0  stubs.o ABSOLUTE
    _printf_flags                            0x00000000   Number         0  stubs.o ABSOLUTE
    _printf_fp_dec                           0x00000000   Number         0  stubs.o ABSOLUTE
    _printf_fp_hex                           0x00000000   Number         0  stubs.o ABSOLUTE
    _printf_g                                0x00000000   Number         0  stubs.o ABSOLUTE
    _printf_i                                0x00000000   Number         0  stubs.o ABSOLUTE
    _printf_int_dec                          0x00000000   Number         0  stubs.o ABSOLUTE
    _printf_l                                0x00000000   Number         0  stubs.o ABSOLUTE
    _printf_lc                               0x00000000   Number         0  stubs.o ABSOLUTE
    _printf_ll                               0x00000000   Number         0  stubs.o ABSOLUTE
    _printf_lld                              0x00000000   Number         0  stubs.o ABSOLUTE
    _printf_lli                              0x00000000   Number         0  stubs.o ABSOLUTE
    _printf_llo                              0x00000000   Number         0  stubs.o ABSOLUTE
    _printf_llu                              0x00000000   Number         0  stubs.o ABSOLUTE
    _printf_llx                              0x00000000   Number         0  stubs.o ABSOLUTE
    _printf_longlong_dec                     0x00000000   Number         0  stubs.o ABSOLUTE
    _printf_longlong_hex                     0x00000000   Number         0  stubs.o ABSOLUTE
    _printf_longlong_oct                     0x00000000   Number         0  stubs.o ABSOLUTE
    _printf_ls                               0x00000000   Number         0  stubs.o ABSOLUTE
    _printf_mbtowc                           0x00000000   Number         0  stubs.o ABSOLUTE
    _printf_n                                0x00000000   Number         0  stubs.o ABSOLUTE
    _printf_o                                0x00000000   Number         0  stubs.o ABSOLUTE
    _printf_p                                0x00000000   Number         0  stubs.o ABSOLUTE
    _printf_percent                          0x00000000   Number         0  stubs.o ABSOLUTE
    _printf_pre_padding                      0x00000000   Number         0  stubs.o ABSOLUTE
    _printf_return_value                     0x00000000   Number         0  stubs.o ABSOLUTE
    _printf_s                                0x00000000   Number         0  stubs.o ABSOLUTE
    _printf_sizespec                         0x00000000   Number         0  stubs.o ABSOLUTE
    _printf_str                              0x00000000   Number         0  stubs.o ABSOLUTE
    _printf_truncate_signed                  0x00000000   Number         0  stubs.o ABSOLUTE
    _printf_truncate_unsigned                0x00000000   Number         0  stubs.o ABSOLUTE
    _printf_u                                0x00000000   Number         0  stubs.o ABSOLUTE
    _printf_wc                               0x00000000   Number         0  stubs.o ABSOLUTE
    _printf_wctomb                           0x00000000   Number         0  stubs.o ABSOLUTE
    _printf_widthprec                        0x00000000   Number         0  stubs.o ABSOLUTE
    _printf_x                                0x00000000   Number         0  stubs.o ABSOLUTE
    __cpp_initialize__aeabi_                  - Undefined Weak Reference
    __cxa_finalize                            - Undefined Weak Reference
    __decompress                              - Undefined Weak Reference
    _clock_init                               - Undefined Weak Reference
    _microlib_exit                            - Undefined Weak Reference
    Reset_Handler                            0x000000c1   Thumb Code    12  startup_ht32f5xxxx_01.o(RESET)
    ADC_IRQHandler                           0x00000135   Thumb Code     0  startup_ht32f5xxxx_01.o(RESET)
    AES_IRQHandler                           0x00000135   Thumb Code     0  startup_ht32f5xxxx_01.o(RESET)
    BFTM0_IRQHandler                         0x00000135   Thumb Code     0  startup_ht32f5xxxx_01.o(RESET)
    BFTM1_IRQHandler                         0x00000135   Thumb Code     0  startup_ht32f5xxxx_01.o(RESET)
    COMP_IRQHandler                          0x00000135   Thumb Code     0  startup_ht32f5xxxx_01.o(RESET)
    EVWUP_IRQHandler                         0x00000135   Thumb Code     0  startup_ht32f5xxxx_01.o(RESET)
    EXTI0_1_IRQHandler                       0x00000135   Thumb Code     0  startup_ht32f5xxxx_01.o(RESET)
    EXTI2_3_IRQHandler                       0x00000135   Thumb Code     0  startup_ht32f5xxxx_01.o(RESET)
    EXTI4_15_IRQHandler                      0x00000135   Thumb Code     0  startup_ht32f5xxxx_01.o(RESET)
    FLASH_IRQHandler                         0x00000135   Thumb Code     0  startup_ht32f5xxxx_01.o(RESET)
    GPTM0_IRQHandler                         0x00000135   Thumb Code     0  startup_ht32f5xxxx_01.o(RESET)
    GPTM1_IRQHandler                         0x00000135   Thumb Code     0  startup_ht32f5xxxx_01.o(RESET)
    I2C0_IRQHandler                          0x00000135   Thumb Code     0  startup_ht32f5xxxx_01.o(RESET)
    I2C1_IRQHandler                          0x00000135   Thumb Code     0  startup_ht32f5xxxx_01.o(RESET)
    I2C2_IRQHandler                          0x00000135   Thumb Code     0  startup_ht32f5xxxx_01.o(RESET)
    I2S_IRQHandler                           0x00000135   Thumb Code     0  startup_ht32f5xxxx_01.o(RESET)
    LVD_BOD_IRQHandler                       0x00000135   Thumb Code     0  startup_ht32f5xxxx_01.o(RESET)
    MCTM0_IRQHandler                         0x00000135   Thumb Code     0  startup_ht32f5xxxx_01.o(RESET)
    MIDI_IRQHandler                          0x00000135   Thumb Code     0  startup_ht32f5xxxx_01.o(RESET)
    PDMA_CH0_1_IRQHandler                    0x00000135   Thumb Code     0  startup_ht32f5xxxx_01.o(RESET)
    PDMA_CH2_5_IRQHandler                    0x00000135   Thumb Code     0  startup_ht32f5xxxx_01.o(RESET)
    PWM0_IRQHandler                          0x00000135   Thumb Code     0  startup_ht32f5xxxx_01.o(RESET)
    PWM1_IRQHandler                          0x00000135   Thumb Code     0  startup_ht32f5xxxx_01.o(RESET)
    QSPI_IRQHandler                          0x00000135   Thumb Code     0  startup_ht32f5xxxx_01.o(RESET)
    RTC_IRQHandler                           0x00000135   Thumb Code     0  startup_ht32f5xxxx_01.o(RESET)
    SCI_IRQHandler                           0x00000135   Thumb Code     0  startup_ht32f5xxxx_01.o(RESET)
    SCTM0_IRQHandler                         0x00000135   Thumb Code     0  startup_ht32f5xxxx_01.o(RESET)
    SCTM1_IRQHandler                         0x00000135   Thumb Code     0  startup_ht32f5xxxx_01.o(RESET)
    SCTM2_IRQHandler                         0x00000135   Thumb Code     0  startup_ht32f5xxxx_01.o(RESET)
    SCTM3_IRQHandler                         0x00000135   Thumb Code     0  startup_ht32f5xxxx_01.o(RESET)
    SPI0_IRQHandler                          0x00000135   Thumb Code     0  startup_ht32f5xxxx_01.o(RESET)
    SPI1_IRQHandler                          0x00000135   Thumb Code     0  startup_ht32f5xxxx_01.o(RESET)
    UART0_IRQHandler                         0x00000135   Thumb Code     0  startup_ht32f5xxxx_01.o(RESET)
    UART1_IRQHandler                         0x00000135   Thumb Code     0  startup_ht32f5xxxx_01.o(RESET)
    UART2_IRQHandler                         0x00000135   Thumb Code     0  startup_ht32f5xxxx_01.o(RESET)
    UART3_IRQHandler                         0x00000135   Thumb Code     0  startup_ht32f5xxxx_01.o(RESET)
    USART0_IRQHandler                        0x00000135   Thumb Code     0  startup_ht32f5xxxx_01.o(RESET)
    USB_IRQHandler                           0x00000135   Thumb Code     0  startup_ht32f5xxxx_01.o(RESET)
    __main                                   0x00000165   Thumb Code     0  entry.o(.ARM.Collect$$$$00000000)
    _main_stk                                0x00000165   Thumb Code     0  entry2.o(.ARM.Collect$$$$00000001)
    _main_scatterload                        0x00000169   Thumb Code     0  entry5.o(.ARM.Collect$$$$00000004)
    __main_after_scatterload                 0x0000016d   Thumb Code     0  entry5.o(.ARM.Collect$$$$00000004)
    _main_clock                              0x0000016d   Thumb Code     0  entry7b.o(.ARM.Collect$$$$00000008)
    _main_cpp_init                           0x0000016d   Thumb Code     0  entry8b.o(.ARM.Collect$$$$0000000A)
    _main_init                               0x0000016d   Thumb Code     0  entry9a.o(.ARM.Collect$$$$0000000B)
    __rt_final_cpp                           0x00000175   Thumb Code     0  entry10a.o(.ARM.Collect$$$$0000000D)
    __rt_final_exit                          0x00000175   Thumb Code     0  entry11a.o(.ARM.Collect$$$$0000000F)
    __aeabi_uidiv                            0x00000179   Thumb Code     0  uidiv.o(.text)
    __aeabi_uidivmod                         0x00000179   Thumb Code    44  uidiv.o(.text)
    __aeabi_idiv                             0x000001a5   Thumb Code     0  idiv.o(.text)
    __aeabi_idivmod                          0x000001a5   Thumb Code    40  idiv.o(.text)
    __aeabi_memset                           0x000001cd   Thumb Code    14  memseta.o(.text)
    __aeabi_memset4                          0x000001cd   Thumb Code     0  memseta.o(.text)
    __aeabi_memset8                          0x000001cd   Thumb Code     0  memseta.o(.text)
    __aeabi_memclr                           0x000001db   Thumb Code     4  memseta.o(.text)
    __aeabi_memclr4                          0x000001db   Thumb Code     0  memseta.o(.text)
    __aeabi_memclr8                          0x000001db   Thumb Code     0  memseta.o(.text)
    _memset$wrapper                          0x000001df   Thumb Code    18  memseta.o(.text)
    strcat                                   0x000001f1   Thumb Code    24  strcat.o(.text)
    strlen                                   0x00000209   Thumb Code    14  strlen.o(.text)
    __aeabi_uldivmod                         0x00000217   Thumb Code    96  uldiv.o(.text)
    __scatterload                            0x00000279   Thumb Code    28  init.o(.text)
    __scatterload_rt2                        0x00000279   Thumb Code     0  init.o(.text)
    __aeabi_llsl                             0x0000029d   Thumb Code    32  llshl.o(.text)
    _ll_shift_l                              0x0000029d   Thumb Code     0  llshl.o(.text)
    __aeabi_llsr                             0x000002bd   Thumb Code    34  llushr.o(.text)
    _ll_ushift_r                             0x000002bd   Thumb Code     0  llushr.o(.text)
    ACSII_format_PC                          0x000002e1   Thumb Code   300  main.o(i.ACSII_format_PC)
    ACSII_format_UART                        0x00000459   Thumb Code   652  main.o(i.ACSII_format_UART)
    AFIO_GPxConfig                           0x000007d9   Thumb Code    82  ht32f5xxxx_gpio.o(i.AFIO_GPxConfig)
    AT_MQTT                                  0x00000831   Thumb Code    66  main.o(i.AT_MQTT)
    AT_Time                                  0x00000911   Thumb Code    72  main.o(i.AT_Time)
    CKCU_GetClocksFrequency                  0x000009a5   Thumb Code    98  ht32f5xxxx_ckcu.o(i.CKCU_GetClocksFrequency)
    CKCU_GetPLLFrequency                     0x00000a11   Thumb Code    50  ht32f5xxxx_ckcu.o(i.CKCU_GetPLLFrequency)
    CKCU_GetPeripFrequency                   0x00000a4d   Thumb Code    48  ht32f5xxxx_ckcu.o(i.CKCU_GetPeripFrequency)
    CKCU_PeripClockConfig                    0x00000a81   Thumb Code    34  ht32f5xxxx_ckcu.o(i.CKCU_PeripClockConfig)
    Config_Descriptor                        0x00000aa9   Thumb Code    58  descr.o(i.Config_Descriptor)
    Config_Descriptor_1                      0x00000ae9   Thumb Code    58  descr_1.o(i.Config_Descriptor_1)
    DEVICE_Descriptor                        0x00000b29   Thumb Code    28  descr.o(i.DEVICE_Descriptor)
    DEVICE_Descriptor_1                      0x00000b45   Thumb Code    28  descr_1.o(i.DEVICE_Descriptor_1)
    Delay                                    0x00000b61   Thumb Code     6  delay.o(i.Delay)
    Delayms                                  0x00000b69   Thumb Code    18  delay.o(i.Delayms)
    Delayus                                  0x00000b81   Thumb Code    16  delay.o(i.Delayus)
    GPIO_DirectionConfig                     0x00000b91   Thumb Code    16  ht32f5xxxx_gpio.o(i.GPIO_DirectionConfig)
    GPIO_InputConfig                         0x00000ba1   Thumb Code    16  ht32f5xxxx_gpio.o(i.GPIO_InputConfig)
    GPIO_PullResistorConfig                  0x00000bb1   Thumb Code    42  ht32f5xxxx_gpio.o(i.GPIO_PullResistorConfig)
    GPIO_ReadInBit                           0x00000bdb   Thumb Code    10  ht32f5xxxx_gpio.o(i.GPIO_ReadInBit)
    Get_Descriptor                           0x00000be5   Thumb Code   110  sl811hs.o(i.Get_Descriptor)
    Get_Descriptor_1                         0x00000c59   Thumb Code   110  sl811hs_1.o(i.Get_Descriptor_1)
    Get_HID_data_Z                           0x00000ccd   Thumb Code    66  descr_1.o(i.Get_HID_data_Z)
    Get_HID_data_x                           0x00000d21   Thumb Code    74  descr.o(i.Get_HID_data_x)
    Get_HID_data_y                           0x00000d7d   Thumb Code    72  descr.o(i.Get_HID_data_y)
    Get_ctl_length                           0x00000dd5   Thumb Code    28  descr.o(i.Get_ctl_length)
    Get_ctl_length_1                         0x00000df1   Thumb Code    28  descr_1.o(i.Get_ctl_length_1)
    HardFault_Handler                        0x00000e0d   Thumb Code    10  ht32f5xxxx_01_it.o(i.HardFault_Handler)
    NBiot_TIMER                              0x00000e1d   Thumb Code   136  main.o(i.NBiot_TIMER)
    NBiot_check                              0x00000eb1   Thumb Code    26  main.o(i.NBiot_check)
    NMI_Handler                              0x00000ed1   Thumb Code     2  ht32f5xxxx_01_it.o(i.NMI_Handler)
    PWRCU_CheckReadyAccessed                 0x00000ed5   Thumb Code    24  ht32f5xxxx_pwrcu.o(i.PWRCU_CheckReadyAccessed)
    PendSV_Handler                           0x00000ef5   Thumb Code     2  ht32f5xxxx_01_it.o(i.PendSV_Handler)
    SERIAL_PutChar                           0x00000ef9   Thumb Code    14  ht32_serial.o(i.SERIAL_PutChar)
    SVC_Handler                              0x00000f0d   Thumb Code     2  ht32f5xxxx_01_it.o(i.SVC_Handler)
    Set_Address                              0x00000f11   Thumb Code    50  sl811hs.o(i.Set_Address)
    Set_Address_1                            0x00000f49   Thumb Code    50  sl811hs_1.o(i.Set_Address_1)
    Set_Config                               0x00000f81   Thumb Code    46  descr.o(i.Set_Config)
    Set_Config_1                             0x00000fb5   Thumb Code    46  descr_1.o(i.Set_Config_1)
    SysTick_Handler                          0x00000fe9   Thumb Code     2  ht32f5xxxx_01_it.o(i.SysTick_Handler)
    SystemInit                               0x00000fed   Thumb Code   232  system_ht32f5xxxx_01.o(i.SystemInit)
    USART1_IRQHandler                        0x000010e9   Thumb Code   170  ht32f5xxxx_01_it.o(i.USART1_IRQHandler)
    USART_GetFlagStatus                      0x000011ad   Thumb Code    10  ht32f5xxxx_usart.o(i.USART_GetFlagStatus)
    USART_GetIntStatus                       0x000011b7   Thumb Code    10  ht32f5xxxx_usart.o(i.USART_GetIntStatus)
    USART_Init                               0x000011c1   Thumb Code   114  ht32f5xxxx_usart.o(i.USART_Init)
    USART_IntConfig                          0x00001245   Thumb Code    16  ht32f5xxxx_usart.o(i.USART_IntConfig)
    USART_ReceiveData                        0x00001255   Thumb Code     6  ht32f5xxxx_usart.o(i.USART_ReceiveData)
    USART_SendData                           0x0000125b   Thumb Code     4  ht32f5xxxx_usart.o(i.USART_SendData)
    USART_TxRxCmd                            0x0000125f   Thumb Code    20  ht32f5xxxx_usart.o(i.USART_TxRxCmd)
    USB_HOST_SET_1                           0x00001275   Thumb Code   144  main.o(i.USB_HOST_SET_1)
    USB_HOST_SET_2                           0x00001319   Thumb Code   146  main.o(i.USB_HOST_SET_2)
    UxART_Configuration                      0x000013c5   Thumb Code   130  main.o(i.UxART_Configuration)
    __0printf$8                              0x00001455   Thumb Code    24  printf8.o(i.__0printf$8)
    __1printf$8                              0x00001455   Thumb Code     0  printf8.o(i.__0printf$8)
    __2printf                                0x00001455   Thumb Code     0  printf8.o(i.__0printf$8)
    __0snprintf$8                            0x00001475   Thumb Code    46  printf8.o(i.__0snprintf$8)
    __1snprintf$8                            0x00001475   Thumb Code     0  printf8.o(i.__0snprintf$8)
    __2snprintf                              0x00001475   Thumb Code     0  printf8.o(i.__0snprintf$8)
    __0sprintf$8                             0x000014a9   Thumb Code    36  printf8.o(i.__0sprintf$8)
    __1sprintf$8                             0x000014a9   Thumb Code     0  printf8.o(i.__0sprintf$8)
    __2sprintf                               0x000014a9   Thumb Code     0  printf8.o(i.__0sprintf$8)
    __ARM_common_switch8                     0x000014d1   Thumb Code    26  ht32f5xxxx_ckcu.o(i.__ARM_common_switch8)
    __scatterload_copy                       0x000014eb   Thumb Code    14  handlers.o(i.__scatterload_copy)
    __scatterload_null                       0x000014f9   Thumb Code     2  handlers.o(i.__scatterload_null)
    __scatterload_zeroinit                   0x000014fb   Thumb Code    14  handlers.o(i.__scatterload_zeroinit)
    commandloop                              0x0000199d   Thumb Code    44  sl811hs.o(i.commandloop)
    commandloop_1                            0x000019cd   Thumb Code    44  sl811hs_1.o(i.commandloop_1)
    fputc                                    0x000019fd   Thumb Code     8  ht32_retarget.o(i.fputc)
    get_HID_IN_endpoint                      0x00001a05   Thumb Code    42  sl811hs.o(i.get_HID_IN_endpoint)
    get_HID_IN_endpoint_1                    0x00001a35   Thumb Code    42  sl811hs_1.o(i.get_HID_IN_endpoint_1)
    host_go                                  0x00001a65   Thumb Code    50  sl811hs.o(i.host_go)
    host_go_1                                0x00001a9d   Thumb Code    50  sl811hs_1.o(i.host_go_1)
    host_init                                0x00001ad5   Thumb Code   202  sl811hs.o(i.host_init)
    host_init_1                              0x00001ba5   Thumb Code   202  sl811hs_1.o(i.host_init_1)
    host_port                                0x00001c75   Thumb Code   180  sl811hs.o(i.host_port)
    host_port_1                              0x00001d2d   Thumb Code   182  sl811hs_1.o(i.host_port_1)
    host_reset                               0x00001ded   Thumb Code    38  sl811hs.o(i.host_reset)
    host_reset_1                             0x00001e19   Thumb Code    38  sl811hs_1.o(i.host_reset_1)
    host_set                                 0x00001e45   Thumb Code   114  sl811hs.o(i.host_set)
    host_set_1                               0x00001ec1   Thumb Code   114  sl811hs_1.o(i.host_set_1)
    in                                       0x00001f3d   Thumb Code    12  sl811hs.o(i.in)
    in_1                                     0x00001f49   Thumb Code    12  sl811hs_1.o(i.in_1)
    inpackage                                0x00001f55   Thumb Code    56  sl811hs.o(i.inpackage)
    inpackage_1                              0x00001f91   Thumb Code    56  sl811hs_1.o(i.inpackage_1)
    main                                     0x00001fcd   Thumb Code   318  main.o(i.main)
    out                                      0x00002149   Thumb Code    12  sl811hs.o(i.out)
    out_1                                    0x00002155   Thumb Code    12  sl811hs_1.o(i.out_1)
    outpackage                               0x00002161   Thumb Code    56  sl811hs.o(i.outpackage)
    outpackage_1                             0x0000219d   Thumb Code    56  sl811hs_1.o(i.outpackage_1)
    port_inout                               0x000021d9   Thumb Code   338  sl811hs.o(i.port_inout)
    port_inout_1                             0x00002331   Thumb Code   340  sl811hs_1.o(i.port_inout_1)
    rd_host                                  0x0000248d   Thumb Code   158  sl811hs.o(i.rd_host)
    rd_host_1                                0x00002535   Thumb Code   158  sl811hs_1.o(i.rd_host_1)
    read_host_port                           0x000025dd   Thumb Code   112  sl811hs.o(i.read_host_port)
    read_host_port_1                         0x00002655   Thumb Code   114  sl811hs_1.o(i.read_host_port_1)
    setup                                    0x000026d5   Thumb Code    12  sl811hs.o(i.setup)
    setup_1                                  0x000026e1   Thumb Code    12  sl811hs_1.o(i.setup_1)
    setuppackage                             0x000026ed   Thumb Code   120  sl811hs.o(i.setuppackage)
    setuppackage_1                           0x00002769   Thumb Code   120  sl811hs_1.o(i.setuppackage_1)
    wr_host                                  0x000027e5   Thumb Code   136  sl811hs.o(i.wr_host)
    wr_host_1                                0x00002875   Thumb Code   136  sl811hs_1.o(i.wr_host_1)
    Region$$Table$$Base                      0x00002948   Number         0  anon$$obj.o(Region$$Table)
    Region$$Table$$Limit                     0x00002968   Number         0  anon$$obj.o(Region$$Table)
    gURTx_Length                             0x20000000   Data           4  main.o(.data)
    length                                   0x20000004   Data           1  main.o(.data)
    length_1                                 0x20000005   Data           1  main.o(.data)
    f_ID                                     0x20000006   Data           2  main.o(.data)
    f_Year                                   0x20000008   Data           2  main.o(.data)
    f_Month                                  0x2000000a   Data           2  main.o(.data)
    f_Day                                    0x2000000c   Data           2  main.o(.data)
    f_Hour                                   0x2000000e   Data           2  main.o(.data)
    f_Minute                                 0x20000010   Data           2  main.o(.data)
    f_Second                                 0x20000012   Data           2  main.o(.data)
    f_Z                                      0x20000014   Data           2  main.o(.data)
    f_X                                      0x20000016   Data           3  main.o(.data)
    f_Y                                      0x20000019   Data           3  main.o(.data)
    gURRx_Length                             0x2000001c   Data           4  main.o(.data)
    Year                                     0x20000020   Data           4  main.o(.data)
    Month                                    0x20000024   Data           4  main.o(.data)
    Day                                      0x20000028   Data           4  main.o(.data)
    Hour                                     0x2000002c   Data           4  main.o(.data)
    Minute                                   0x20000030   Data           4  main.o(.data)
    Second                                   0x20000034   Data           4  main.o(.data)
    MQTT_status                              0x20000038   Data           4  main.o(.data)
    check_error                              0x2000003c   Data           4  main.o(.data)
    status_dataform                          0x20000040   Data           4  main.o(.data)
    data_num                                 0x20000044   Data           4  main.o(.data)
    gURRx_Ptr                                0x20000048   Data           4  main.o(.data)
    gIsTxFinished                            0x2000004c   Data           4  main.o(.data)
    gURTx_Ptr                                0x20000050   Data           4  main.o(.data)
    deviceaddr                               0x20000058   Data           1  sl811hs.o(.data)
    endpoint                                 0x20000059   Data           1  sl811hs.o(.data)
    host_data                                0x2000005a   Data           1  sl811hs.o(.data)
    speed                                    0x2000005b   Data           1  sl811hs.o(.data)
    ctl_length                               0x2000005c   Data           1  sl811hs.o(.data)
    HID_IN_endpoint                          0x2000005d   Data           1  sl811hs.o(.data)
    loopcounter                              0x20000060   Data           4  sl811hs.o(.data)
    deviceaddr_1                             0x20000064   Data           1  sl811hs_1.o(.data)
    endpoint_1                               0x20000065   Data           1  sl811hs_1.o(.data)
    host_data_1                              0x20000066   Data           1  sl811hs_1.o(.data)
    speed_1                                  0x20000067   Data           1  sl811hs_1.o(.data)
    ctl_length_1                             0x20000068   Data           1  sl811hs_1.o(.data)
    HID_IN_endpoint_1                        0x20000069   Data           1  sl811hs_1.o(.data)
    loopcounter_1                            0x2000006c   Data           4  sl811hs_1.o(.data)
    __stdout                                 0x20000070   Data           4  ht32_retarget.o(.data)
    acsii_f                                  0x20000074   Data        5000  main.o(.bss)
    gRx_Buffer                               0x200013fc   Data         128  main.o(.bss)
    Timer_buf                                0x2000147c   Data          90  main.o(.bss)
    __HT_check_sp                            0x200014d8   Data           0  startup_ht32f5xxxx_01.o(STACK)
    __initial_sp                             0x200016d8   Data           0  startup_ht32f5xxxx_01.o(STACK)



==============================================================================

Memory Map of the image

  Image Entry point : 0x000000c1

  Load Region LR_1 (Base: 0x00000000, Size: 0x000029dc, Max: 0xffffffff, ABSOLUTE)

    Execution Region ER_RO (Base: 0x00000000, Size: 0x00002968, Max: 0xffffffff, ABSOLUTE)

    Base Addr    Size         Type   Attr      Idx    E Section Name        Object

    0x00000000   0x00000164   Code   RO          913  * RESET               startup_ht32f5xxxx_01.o
    0x00000164   0x00000000   Code   RO         4381  * .ARM.Collect$$$$00000000  mc_p.l(entry.o)
    0x00000164   0x00000004   Code   RO         4655    .ARM.Collect$$$$00000001  mc_p.l(entry2.o)
    0x00000168   0x00000004   Code   RO         4658    .ARM.Collect$$$$00000004  mc_p.l(entry5.o)
    0x0000016c   0x00000000   Code   RO         4660    .ARM.Collect$$$$00000008  mc_p.l(entry7b.o)
    0x0000016c   0x00000000   Code   RO         4662    .ARM.Collect$$$$0000000A  mc_p.l(entry8b.o)
    0x0000016c   0x00000008   Code   RO         4663    .ARM.Collect$$$$0000000B  mc_p.l(entry9a.o)
    0x00000174   0x00000000   Code   RO         4665    .ARM.Collect$$$$0000000D  mc_p.l(entry10a.o)
    0x00000174   0x00000000   Code   RO         4667    .ARM.Collect$$$$0000000F  mc_p.l(entry11a.o)
    0x00000174   0x00000004   Code   RO         4656    .ARM.Collect$$$$00002712  mc_p.l(entry2.o)
    0x00000178   0x0000002c   Code   RO         4384    .text               mc_p.l(uidiv.o)
    0x000001a4   0x00000028   Code   RO         4386    .text               mc_p.l(idiv.o)
    0x000001cc   0x00000024   Code   RO         4388    .text               mc_p.l(memseta.o)
    0x000001f0   0x00000018   Code   RO         4390    .text               mc_p.l(strcat.o)
    0x00000208   0x0000000e   Code   RO         4392    .text               mc_p.l(strlen.o)
    0x00000216   0x00000060   Code   RO         4669    .text               mc_p.l(uldiv.o)
    0x00000276   0x00000002   PAD
    0x00000278   0x00000024   Code   RO         4682    .text               mc_p.l(init.o)
    0x0000029c   0x00000020   Code   RO         4684    .text               mc_p.l(llshl.o)
    0x000002bc   0x00000022   Code   RO         4686    .text               mc_p.l(llushr.o)
    0x000002de   0x00000002   PAD
    0x000002e0   0x00000178   Code   RO            3    i.ACSII_format_PC   main.o
    0x00000458   0x00000380   Code   RO            4    i.ACSII_format_UART  main.o
    0x000007d8   0x00000058   Code   RO         1868    i.AFIO_GPxConfig    ht32f5xxxx_gpio.o
    0x00000830   0x000000e0   Code   RO            5    i.AT_MQTT           main.o
    0x00000910   0x00000094   Code   RO            6    i.AT_Time           main.o
    0x000009a4   0x0000006c   Code   RO         1292    i.CKCU_GetClocksFrequency  ht32f5xxxx_ckcu.o
    0x00000a10   0x0000003c   Code   RO         1294    i.CKCU_GetPLLFrequency  ht32f5xxxx_ckcu.o
    0x00000a4c   0x00000034   Code   RO         1295    i.CKCU_GetPeripFrequency  ht32f5xxxx_ckcu.o
    0x00000a80   0x00000028   Code   RO         1310    i.CKCU_PeripClockConfig  ht32f5xxxx_ckcu.o
    0x00000aa8   0x00000040   Code   RO          735    i.Config_Descriptor  descr.o
    0x00000ae8   0x00000040   Code   RO          797    i.Config_Descriptor_1  descr_1.o
    0x00000b28   0x0000001c   Code   RO          736    i.DEVICE_Descriptor  descr.o
    0x00000b44   0x0000001c   Code   RO          798    i.DEVICE_Descriptor_1  descr_1.o
    0x00000b60   0x00000006   Code   RO          855    i.Delay             delay.o
    0x00000b66   0x00000002   PAD
    0x00000b68   0x00000018   Code   RO          856    i.Delayms           delay.o
    0x00000b80   0x00000010   Code   RO          857    i.Delayus           delay.o
    0x00000b90   0x00000010   Code   RO         1871    i.GPIO_DirectionConfig  ht32f5xxxx_gpio.o
    0x00000ba0   0x00000010   Code   RO         1875    i.GPIO_InputConfig  ht32f5xxxx_gpio.o
    0x00000bb0   0x0000002a   Code   RO         1880    i.GPIO_PullResistorConfig  ht32f5xxxx_gpio.o
    0x00000bda   0x0000000a   Code   RO         1881    i.GPIO_ReadInBit    ht32f5xxxx_gpio.o
    0x00000be4   0x00000074   Code   RO          335    i.Get_Descriptor    sl811hs.o
    0x00000c58   0x00000074   Code   RO          589    i.Get_Descriptor_1  sl811hs_1.o
    0x00000ccc   0x00000054   Code   RO          799    i.Get_HID_data_Z    descr_1.o
    0x00000d20   0x0000005c   Code   RO          737    i.Get_HID_data_x    descr.o
    0x00000d7c   0x00000058   Code   RO          738    i.Get_HID_data_y    descr.o
    0x00000dd4   0x0000001c   Code   RO          739    i.Get_ctl_length    descr.o
    0x00000df0   0x0000001c   Code   RO          800    i.Get_ctl_length_1  descr_1.o
    0x00000e0c   0x00000010   Code   RO          280    i.HardFault_Handler  ht32f5xxxx_01_it.o
    0x00000e1c   0x00000094   Code   RO            8    i.NBiot_TIMER       main.o
    0x00000eb0   0x00000020   Code   RO            9    i.NBiot_check       main.o
    0x00000ed0   0x00000002   Code   RO          281    i.NMI_Handler       ht32f5xxxx_01_it.o
    0x00000ed2   0x00000002   PAD
    0x00000ed4   0x00000020   Code   RO         2412    i.PWRCU_CheckReadyAccessed  ht32f5xxxx_pwrcu.o
    0x00000ef4   0x00000002   Code   RO          282    i.PendSV_Handler    ht32f5xxxx_01_it.o
    0x00000ef6   0x00000002   PAD
    0x00000ef8   0x00000014   Code   RO         3942    i.SERIAL_PutChar    ht32_serial.o
    0x00000f0c   0x00000002   Code   RO          283    i.SVC_Handler       ht32f5xxxx_01_it.o
    0x00000f0e   0x00000002   PAD
    0x00000f10   0x00000038   Code   RO          337    i.Set_Address       sl811hs.o
    0x00000f48   0x00000038   Code   RO          591    i.Set_Address_1     sl811hs_1.o
    0x00000f80   0x00000034   Code   RO          740    i.Set_Config        descr.o
    0x00000fb4   0x00000034   Code   RO          801    i.Set_Config_1      descr_1.o
    0x00000fe8   0x00000002   Code   RO          284    i.SysTick_Handler   ht32f5xxxx_01_it.o
    0x00000fea   0x00000002   PAD
    0x00000fec   0x000000fc   Code   RO          879    i.SystemInit        system_ht32f5xxxx_01.o
    0x000010e8   0x000000c4   Code   RO          285    i.USART1_IRQHandler  ht32f5xxxx_01_it.o
    0x000011ac   0x0000000a   Code   RO         3334    i.USART_GetFlagStatus  ht32f5xxxx_usart.o
    0x000011b6   0x0000000a   Code   RO         3335    i.USART_GetIntStatus  ht32f5xxxx_usart.o
    0x000011c0   0x00000084   Code   RO         3337    i.USART_Init        ht32f5xxxx_usart.o
    0x00001244   0x00000010   Code   RO         3338    i.USART_IntConfig   ht32f5xxxx_usart.o
    0x00001254   0x00000006   Code   RO         3347    i.USART_ReceiveData  ht32f5xxxx_usart.o
    0x0000125a   0x00000004   Code   RO         3348    i.USART_SendData    ht32f5xxxx_usart.o
    0x0000125e   0x00000014   Code   RO         3359    i.USART_TxRxCmd     ht32f5xxxx_usart.o
    0x00001272   0x00000002   PAD
    0x00001274   0x000000a4   Code   RO           10    i.USB_HOST_SET_1    main.o
    0x00001318   0x000000ac   Code   RO           11    i.USB_HOST_SET_2    main.o
    0x000013c4   0x00000090   Code   RO           12    i.UxART_Configuration  main.o
    0x00001454   0x00000020   Code   RO         4601    i.__0printf$8       mc_p.l(printf8.o)
    0x00001474   0x00000034   Code   RO         4602    i.__0snprintf$8     mc_p.l(printf8.o)
    0x000014a8   0x00000028   Code   RO         4603    i.__0sprintf$8      mc_p.l(printf8.o)
    0x000014d0   0x0000001a   Code   RO         1483    i.__ARM_common_switch8  ht32f5xxxx_ckcu.o
    0x000014ea   0x0000000e   Code   RO         4696    i.__scatterload_copy  mc_p.l(handlers.o)
    0x000014f8   0x00000002   Code   RO         4697    i.__scatterload_null  mc_p.l(handlers.o)
    0x000014fa   0x0000000e   Code   RO         4698    i.__scatterload_zeroinit  mc_p.l(handlers.o)
    0x00001508   0x00000428   Code   RO         4608    i._printf_core      mc_p.l(printf8.o)
    0x00001930   0x00000020   Code   RO         4609    i._printf_post_padding  mc_p.l(printf8.o)
    0x00001950   0x0000002c   Code   RO         4610    i._printf_pre_padding  mc_p.l(printf8.o)
    0x0000197c   0x00000016   Code   RO         4611    i._snputc           mc_p.l(printf8.o)
    0x00001992   0x0000000a   Code   RO         4612    i._sputc            mc_p.l(printf8.o)
    0x0000199c   0x00000030   Code   RO          338    i.commandloop       sl811hs.o
    0x000019cc   0x00000030   Code   RO          592    i.commandloop_1     sl811hs_1.o
    0x000019fc   0x00000008   Code   RO         3881    i.fputc             ht32_retarget.o
    0x00001a04   0x00000030   Code   RO          339    i.get_HID_IN_endpoint  sl811hs.o
    0x00001a34   0x00000030   Code   RO          593    i.get_HID_IN_endpoint_1  sl811hs_1.o
    0x00001a64   0x00000038   Code   RO          340    i.host_go           sl811hs.o
    0x00001a9c   0x00000038   Code   RO          594    i.host_go_1         sl811hs_1.o
    0x00001ad4   0x000000d0   Code   RO          341    i.host_init         sl811hs.o
    0x00001ba4   0x000000d0   Code   RO          595    i.host_init_1       sl811hs_1.o
    0x00001c74   0x000000b8   Code   RO          342    i.host_port         sl811hs.o
    0x00001d2c   0x000000c0   Code   RO          596    i.host_port_1       sl811hs_1.o
    0x00001dec   0x0000002c   Code   RO          343    i.host_reset        sl811hs.o
    0x00001e18   0x0000002c   Code   RO          597    i.host_reset_1      sl811hs_1.o
    0x00001e44   0x0000007c   Code   RO          344    i.host_set          sl811hs.o
    0x00001ec0   0x0000007c   Code   RO          598    i.host_set_1        sl811hs_1.o
    0x00001f3c   0x0000000c   Code   RO          345    i.in                sl811hs.o
    0x00001f48   0x0000000c   Code   RO          599    i.in_1              sl811hs_1.o
    0x00001f54   0x0000003c   Code   RO          346    i.inpackage         sl811hs.o
    0x00001f90   0x0000003c   Code   RO          600    i.inpackage_1       sl811hs_1.o
    0x00001fcc   0x0000017c   Code   RO           13    i.main              main.o
    0x00002148   0x0000000c   Code   RO          347    i.out               sl811hs.o
    0x00002154   0x0000000c   Code   RO          601    i.out_1             sl811hs_1.o
    0x00002160   0x0000003c   Code   RO          348    i.outpackage        sl811hs.o
    0x0000219c   0x0000003c   Code   RO          602    i.outpackage_1      sl811hs_1.o
    0x000021d8   0x00000158   Code   RO          349    i.port_inout        sl811hs.o
    0x00002330   0x0000015c   Code   RO          603    i.port_inout_1      sl811hs_1.o
    0x0000248c   0x000000a8   Code   RO          350    i.rd_host           sl811hs.o
    0x00002534   0x000000a8   Code   RO          604    i.rd_host_1         sl811hs_1.o
    0x000025dc   0x00000078   Code   RO          351    i.read_host_port    sl811hs.o
    0x00002654   0x00000080   Code   RO          605    i.read_host_port_1  sl811hs_1.o
    0x000026d4   0x0000000c   Code   RO          353    i.setup             sl811hs.o
    0x000026e0   0x0000000c   Code   RO          607    i.setup_1           sl811hs_1.o
    0x000026ec   0x0000007c   Code   RO          354    i.setuppackage      sl811hs.o
    0x00002768   0x0000007c   Code   RO          608    i.setuppackage_1    sl811hs_1.o
    0x000027e4   0x00000090   Code   RO          355    i.wr_host           sl811hs.o
    0x00002874   0x00000090   Code   RO          609    i.wr_host_1         sl811hs_1.o
    0x00002904   0x00000041   Data   RO           17    .conststring        main.o
    0x00002945   0x00000003   PAD
    0x00002948   0x00000020   Data   RO         4694    Region$$Table       anon$$obj.o


    Execution Region ER_RW (Base: 0x20000000, Size: 0x00000074, Max: 0xffffffff, ABSOLUTE)

    Base Addr    Size         Type   Attr      Idx    E Section Name        Object

    0x20000000   0x00000004   Data   RW           18    .data               main.o
    0x20000004   0x00000048   Data   RW           19    .data               main.o
    0x2000004c   0x00000004   Data   RW           20    .data               main.o
    0x20000050   0x00000004   Data   RW           25    .data               main.o
    0x20000054   0x00000004   Data   RW          286    .data               ht32f5xxxx_01_it.o
    0x20000058   0x0000000c   Data   RW          356    .data               sl811hs.o
    0x20000064   0x0000000c   Data   RW          610    .data               sl811hs_1.o
    0x20000070   0x00000004   Data   RW         3882    .data               ht32_retarget.o


    Execution Region ER_ZI (Base: 0x20000074, Size: 0x00001664, Max: 0xffffffff, ABSOLUTE)

    Base Addr    Size         Type   Attr      Idx    E Section Name        Object

    0x20000074   0x00001462   Zero   RW           15    .bss                main.o
    0x200014d6   0x00000002   PAD
    0x200014d8   0x00000200   Zero   RW          911    STACK               startup_ht32f5xxxx_01.o


==============================================================================

Image component sizes


      Code (inc. data)   RO Data    RW Data    ZI Data      Debug   Object Name

        46          6          0          0          0       1460   delay.o
       352         46          0          0          0       3240   descr.o
       256         30          0          0          0       2603   descr_1.o
         8          0          0          4          0       2718   ht32_retarget.o
        20          6          0          0          0        601   ht32_serial.o
       220         32          0          4          0       2923   ht32f5xxxx_01_it.o
       286         40          0          0          0      12488   ht32f5xxxx_ckcu.o
       172          6          0          0          0       9418   ht32f5xxxx_gpio.o
        32          8          0          0          0       3495   ht32f5xxxx_pwrcu.o
       198         18          0          0          0      13123   ht32f5xxxx_usart.o
      2684        694         65         84       5218      51327   main.o
      1940         98          0         12          0      12432   sl811hs.o
      1960        112          0         12          0      12626   sl811hs_1.o
       356        238          0          0        512        736   startup_ht32f5xxxx_01.o
       252         20          0          0          0        677   system_ht32f5xxxx_01.o

    ----------------------------------------------------------------------
      8794       1354        100        116       5732     129867   Object Totals
         0          0         32          0          0          0   (incl. Generated)
        12          0          3          0          2          0   (incl. Padding)

    ----------------------------------------------------------------------

      Code (inc. data)   RO Data    RW Data    ZI Data      Debug   Library Member Name

         0          0          0          0          0          0   entry.o
         0          0          0          0          0          0   entry10a.o
         0          0          0          0          0          0   entry11a.o
         8          4          0          0          0          0   entry2.o
         4          0          0          0          0          0   entry5.o
         0          0          0          0          0          0   entry7b.o
         0          0          0          0          0          0   entry8b.o
         8          4          0          0          0          0   entry9a.o
        30          0          0          0          0          0   handlers.o
        40          0          0          0          0         72   idiv.o
        36          8          0          0          0         68   init.o
        32          0          0          0          0         68   llshl.o
        34          0          0          0          0         68   llushr.o
        36          0          0          0          0        100   memseta.o
      1296         62          0          0          0        612   printf8.o
        24          0          0          0          0         60   strcat.o
        14          0          0          0          0         60   strlen.o
        44          0          0          0          0         72   uidiv.o
        96          0          0          0          0         84   uldiv.o

    ----------------------------------------------------------------------
      1706         78          0          0          0       1264   Library Totals
         4          0          0          0          0          0   (incl. Padding)

    ----------------------------------------------------------------------

      Code (inc. data)   RO Data    RW Data    ZI Data      Debug   Library Name

      1702         78          0          0          0       1264   mc_p.l

    ----------------------------------------------------------------------
      1706         78          0          0          0       1264   Library Totals

    ----------------------------------------------------------------------

==============================================================================


      Code (inc. data)   RO Data    RW Data    ZI Data      Debug   

     10500       1432        100        116       5732     126927   Grand Totals
     10500       1432        100        116       5732     126927   ELF Image Totals
     10500       1432        100        116          0          0   ROM Totals

==============================================================================

    Total RO  Size (Code + RO Data)                10600 (  10.35kB)
    Total RW  Size (RW Data + ZI Data)              5848 (   5.71kB)
    Total ROM Size (Code + RO Data + RW Data)      10716 (  10.46kB)

==============================================================================

